******************************************************************************
              TMS320C55x Linker Unix v4.4.1                    
******************************************************************************
>> Linked Sun Mar  8 20:34:54 2020

OUTPUT FILE NAME:   <C5535audioLoopInOut.out>
ENTRY POINT SYMBOL: "_c_int00"  address: 00024ed7


MEMORY CONFIGURATION

         name            origin    length      used     unused   attr    fill
                        (bytes)   (bytes)    (bytes)   (bytes)
----------------------  --------  ---------  --------  --------  ----  --------
PAGE 0:
  MMR                   00000000   000000c0  00000000  000000c0  RWIX
  DARAM0                000000c0   0000ff40  00005ff4  00009f4c  RWIX
  SARAM0                00010000   00010000  00000000  00010000  RWIX
  SARAM1                00020000   00020000  00005041  0001afbf  RWIX
  SARAM2                00040000   0000fe00  000003c6  0000fa3a  RWIX
  VECS                  0004fe00   00000200  00000100  00000100  RWIX
  PDROM                 00ff8000   00008000  00000000  00008000  R IX

PAGE 2:
  IOPORT                00000000   00020000  00000000  00020000  RWI 


SECTION ALLOCATION MAP
(Addresses surrounded by []'s are displayed for convenience only!)

output                                                          attributes/
section   page  orgn(bytes) orgn(words) len(bytes) len(words)   input sections
--------  ----  ----------- ----------- ---------- ----------   --------------
.pinit       0   [ 00040000 ]  00020000          *   00000000   UNINITIALIZED

.stack       0   [ 000000c0 ]  00000060          *   00001000   UNINITIALIZED
                 [ 000000c0 ]  00000060          *   00001000   --HOLE--

.data        0   [ 000000c0 ]  00000060          *   00000000   UNINITIALIZED

.sysstack 
*            0   [ 000020c0 ]  00001060          *   00000800   UNINITIALIZED
                 [ 000020c0 ]  00001060          *   00000800   --HOLE--

.sysmem      0   [ 000030c0 ]  00001860          *   00001000   UNINITIALIZED
                 [ 000030c0 ]  00001860          *   00001000   --HOLE--

.const.1     0   [ 000050c0 ]  00002860          *   000004ab   
                 [ 000050c0 ]  00002860          *   00000236   PLL.obj (.const:.string)
                 [ 0000552c ]  00002a96          *   00000174   aic3204_init.obj (.const:.string)
                 [ 00005814 ]  00002c0a          *   00000101   rts55h.lib : ctype.obj (.const:__ctypes_)

.const.2     0   [ 00005a18 ]  00002d0c          *   000000a4   
                 [ 00005a18 ]  00002d0c          *   00000068   main.obj (.const:.string)
                 [ 00005ae8 ]  00002d74          *   00000024   rts55h.lib : _printfi.obj (.const:.string)
                 [ 00005b30 ]  00002d98          *   0000000c              : _printfi.obj (.const)
                 [ 00005b48 ]  00002da4          *   00000008              : divd.obj (.const:_initial_approx$1)
                 [ 00005b58 ]  00002dac          *   00000002              : fputs.obj (.const:.string)
                 [ 00005b5c ]  00002dae          *   00000002              : fltlid.obj (.const)

.bss.1       0   [ 00005b60 ]  00002db0          *   000002a1   UNINITIALIZED
                 [ 00005b60 ]  00002db0          *   00000119   rts55h.lib : defs.obj (.bss)
                 [ 00005d92 ]  00002ec9          *   000000d0              : trgdrv.obj (.bss)
                 [ 00005f32 ]  00002f99          *   00000001              : fopen.obj (.bss)
                 [ 00005f34 ]  00002f9a          *   00000071              : lowlev.obj (.bss)
                 [ 00006016 ]  0000300b          *   00000001   usbstk5505_i2c.obj (.bss)
                 [ 00006018 ]  0000300c          *   00000036   PLL.obj (.bss)
                 [ 00006084 ]  00003042          *   00000008   main.obj (.bss)
                 [ 00006094 ]  0000304a          *   00000007   rts55h.lib : memory.obj (.bss)

.bss.2       0   [ 000060a4 ]  00003052          *   0000000a   UNINITIALIZED
                 [ 000060a4 ]  00003052          *   00000004   rts55h.lib : _lock.obj (.bss)
                 [ 000060ac ]  00003056          *   00000004              : exit.obj (.bss)
                 [ 000060b4 ]  0000305a          *   00000002   aic3204.obj (.bss)

.text        0     00020000  [ 00010000 ] 00005041          *   
                   00020000  [ 00010000 ] 00001533          *   rts55h.lib : _printfi.obj (.text)
                   00021533  [ 00010a99+] 0000053a          *   aic3204_init.obj (.text)
                   00021a6d  [ 00010d36+] 00000538          *   rts55h.lib : trgdrv.obj (.text)
                   00021fa5  [ 00010fd2+] 00000533          *              : memory.obj (.text)
                   000224d8  [ 0001126c ] 00000518          *              : lowlev.obj (.text)
                   000229f0  [ 000114f8 ] 000003c7          *              : divd.obj (.text)
                   00022db7  [ 000116db+] 00000340          *   PLL.obj (.text)
                   000230f7  [ 0001187b+] 000002ad          *   CSLc55x5h.lib : csl_pll.obj (.text)
                   000233a4  [ 000119d2 ] 0000026c          *   rts55h.lib : fopen.obj (.text)
                   00023610  [ 00011b08 ] 0000025c          *              : llmpy.obj (.text)
                   0002386c  [ 00011c36 ] 00000257          *              : addd.obj (.text)
                   00023ac3  [ 00011d61+] 000001ea          *              : cmpd.obj (.text)
                   00023cad  [ 00011e56+] 0000017b          *              : fputs.obj (.text)
                   00023e28  [ 00011f14 ] 00000164          *   usbstk5505_gpio.obj (.text)
                   00023f8c  [ 00011fc6 ] 0000014b          *   rts55h.lib : mpyd.obj (.text)
                   000240d7  [ 0001206b+] 0000012a          *   usbstk5505_i2c.obj (.text)
                   00024201  [ 00012100+] 00000113          *   aic3204.obj (.text)
                   00024314  [ 0001218a ] 000000f3          *   rts55h.lib : setvbuf.obj (.text)
                   00024407  [ 00012203+] 000000da          *              : _io_perm.obj (.text)
                   000244e1  [ 00012270+] 000000be          *              : trgmsg.obj (.text:CIO_breakpoint)
                   0002459f  [ 000122cf+] 000000ba          *              : fflush.obj (.text)
                   00024659  [ 0001232c+] 000000a2          *              : fputc.obj (.text)
                   000246fb  [ 0001237d+] 000000a0          *              : divul.obj (.text)
                   0002479b  [ 000123cd+] 00000094          *   main.obj (.text)
                   0002482f  [ 00012417+] 00000079          *   rts55h.lib : ltoa.obj (.text)
                   000248a8  [ 00012454 ] 00000076          *              : fclose.obj (.text)
                   0002491e  [ 0001248f ] 00000076          *              : frcmpyd.obj (.text)
                   00024994  [ 000124ca ] 00000073          *              : frcmpyd_div.obj (.text)
                   00024a07  [ 00012503+] 00000070          *              : remul.obj (.text)
                   00024a77  [ 0001253b+] 0000006e          *              : fixdli.obj (.text)
                   00024ae5  [ 00012572+] 0000006b          *              : trgmsg.obj (.text)
                   00024b50  [ 000125a8 ] 00000068          *              : fseek.obj (.text)
                   00024bb8  [ 000125dc ] 00000067          *              : fltlid.obj (.text)
                   00024c1f  [ 0001260f+] 00000059          *              : atoi.obj (.text)
                   00024c78  [ 0001263c ] 00000056          *              : memcpy.obj (.text)
                   00024cce  [ 00012667 ] 00000054          *   usbstk5505.obj (.text)
                   00024d22  [ 00012691 ] 0000004e          *   rts55h.lib : printf.obj (.text)
                   00024d70  [ 000126b8 ] 0000004d          *              : autoinit.obj (.text)
                   00024dbd  [ 000126de+] 0000004b          *              : remli.obj (.text)
                   00024e08  [ 00012704 ] 00000049          *              : args_main.obj (.text)
                   00024e51  [ 00012728+] 00000048          *              : divli.obj (.text)
                   00024e99  [ 0001274c+] 0000003e          *              : exit.obj (.text)
                   00024ed7  [ 0001276b+] 00000034          *              : boot.obj (.text)
                   00024f0b  [ 00012785+] 0000002d          *   usbstk5505_led.obj (.text)
                   00024f38  [ 0001279c ] 0000002a          *   rts55h.lib : fixdi.obj (.text)
                   00024f62  [ 000127b1 ] 0000002a          *              : udiv.obj (.text)
                   00024f8c  [ 000127c6 ] 00000022          *              : memccpy.obj (.text)
                   00024fae  [ 000127d7 ] 0000001c          *   stereo.obj (.text)
                   00024fca  [ 000127e5 ] 0000001a          *   rts55h.lib : isinf.obj (.text)
                   00024fe4  [ 000127f2 ] 00000014          *              : subd.obj (.text)
                   00024ff8  [ 000127fc ] 00000013          *              : lmpy.obj (.text)
                   0002500b  [ 00012805+] 00000012          *              : _lock.obj (.text)
                   0002501d  [ 0001280e+] 00000010          *              : negd.obj (.text)
                   0002502d  [ 00012816+] 0000000a          *              : remove.obj (.text)
                   00025037  [ 0001281b+] 00000007          *              : exit.obj (.text:CIO_breakpoint)
                   0002503e  [ 0001281f ] 00000002          *              : vectors.obj (.text)
                   00025040  [ 00012820 ] 00000001          *   --HOLE-- [fill = 20]

.cio         0   [ 00040000 ]  00020000          *   00000120   UNINITIALIZED
                 [ 00040000 ]  00020000          *   00000120   rts55h.lib : trgmsg.obj (.cio)

.cinit       0   [ 00040240 ]  00020120          *   000000c3   
                 [ 00040240 ]  00020120          *   00000046   PLL.obj (.cinit)
                 [ 000402cc ]  00020166          *   0000002d   rts55h.lib : lowlev.obj (.cinit)
                 [ 00040326 ]  00020193          *   0000002a              : defs.obj (.cinit)
                 [ 0004037a ]  000201bd          *   0000000a              : _lock.obj (.cinit)
                 [ 0004038e ]  000201c7          *   0000000a              : exit.obj (.cinit)
                 [ 000403a2 ]  000201d1          *   00000005   main.obj (.cinit)
                 [ 000403ac ]  000201d6          *   00000004   rts55h.lib : fopen.obj (.cinit)
                 [ 000403b4 ]  000201da          *   00000004              : memory.obj (.cinit)
                 [ 000403bc ]  000201de          *   00000004   usbstk5505_i2c.obj (.cinit)
                 [ 000403c4 ]  000201e2          *   00000001   --HOLE-- [fill = 0]

vectors      0     0004fe00  [ 00027f00 ] 00000100          *   
                   0004fe00  [ 00027f00 ] 00000100          *   rts55h.lib : vectors.obj (vectors)


GLOBAL SYMBOLS: SORTED ALPHABETICALLY BY Name 

abs. value/
byte addr   word addr   name
---------   ---------   ----
00000002                $TI_capability$C5500$CallingConvention
00000008                $TI_capability$C5500$MemoryModel
00000001                $TI_capability_requires_rev3
ffffffff                .bss
ffffffff                .data
ffffffff                .text
00025038                C$$EXIT
0002459a                C$$IO$$
00024ff8                I$$LMPY
00024f62                I$$UDIV
00024f77                I$$UMOD
00024201                _AIC3204_rget
0002424c                _AIC3204_rset
00021f47                _HOSTclock
00021edc                _HOSTclose
00021e27                _HOSTlseek
00021d86                _HOSTopen
00021cfb                _HOSTread
00021c42                _HOSTrename
00021be4                _HOSTtime
00021b78                _HOSTunlink
00021aed                _HOSTwrite
000232e9                _PLL_bypass
00023159                _PLL_config
00023282                _PLL_enable
00023121                _PLL_init
00023338                _PLL_reset
0004fe00                _Reset
00023f34                _USBSTK5505_GPIO_getInput
00023e28                _USBSTK5505_GPIO_init
00023e2c                _USBSTK5505_GPIO_setDirection
00023eb7                _USBSTK5505_GPIO_setOutput
000240f6                _USBSTK5505_I2C_close
000240d7                _USBSTK5505_I2C_init
00024188                _USBSTK5505_I2C_read
000240ff                _USBSTK5505_I2C_reset
0002410d                _USBSTK5505_I2C_write
00024f0b                _USBSTK5505_LED_init
00024f27                _USBSTK5505_LED_off
00024f16                _USBSTK5505_LED_on
00024d14                _USBSTK5505_init
00024cce                _USBSTK5505_wait
00024d02                _USBSTK5505_waitusec
            00020000    __CIOBUF_
            00001060    __STACK_END
00002000                __STACK_SIZE
00002000                __SYSMEM_SIZE
00001000                __SYSSTACK_SIZE
00000001                __TI_args_main
ffffffff                ___binit__
ffffffff                ___bss__
ffffffff                ___c_args__
            00020120    ___cinit__
ffffffff                ___data__
ffffffff                ___edata__
ffffffff                ___end__
ffffffff                ___etext__
00024fca                ___isinf
ffffffff                ___pinit__
ffffffff                ___text__
0002386c                __addd
00024e08                __args_main
000234b9                __cleanup
            00003056    __cleanup_ptr
00023c55                __cmpd
            00002c0a    __ctypes_
000229f0                __divd
00024e51                __divli
00023838                __divlli
00024f62                __divu
000246fb                __divul
00023744                __divull
0002459f                __doflush
            00003058    __dtors_ptr
00023c21                __eqld
00024f38                __fixdi
00024a77                __fixdli
00024bb8                __fltlid
0002491e                __frcmpyd
00024994                __frcmpyd_div
            00002ec8    __ft_end
            00002db0    __ftable
00023bd7                __geqd
00023b8c                __gtrd
00023b3f                __leqd
            00003052    __lock
00023af7                __lssd
00023f8c                __mpyd
00024ff8                __mpyli
0002368d                __mpylli
0002501d                __negd
00023ac3                __neqd
0002501b                __nop
00021315                __printfi
00024484                __rd_ok
00025013                __register_lock
0002500b                __register_unlock
00024dbd                __remli
0002365e                __remlli
00024f77                __remu
00024a07                __remul
00023610                __remull
            00000060    __stack
00024fe4                __subd
            00001860    __sys_memory
            00001060    __sysstack
            00002e28    __tmpnams
            00003054    __unlock
00024407                __wrt_ok
00025037                _abort
00022908                _add_device
00024292                _aic3204_codec_read
000242d8                _aic3204_codec_write
00024280                _aic3204_disable
0002426e                _aic3204_hardware_init
00021533                _aic3204_init
00024c1f                _atoi
00024d70                _auto_init
00024ed7                _c_int00
0002248c                _calloc
00022484                _chkheap
00022898                _close
            0000305a    _counter1
            0000305b    _counter2
00024e99                _exit
000248a8                _fclose
00024601                _fflush
0002288f                _find_registered_device
000235d7                _fopen
00024659                _fputc
00023cad                _fputs
00021fa5                _free
0002241d                _free_memory
00023511                _freopen
00024b50                _fseek
00021a6d                _getenv
            00003016    _hPll
            00003048    _i
            00003042    _left_input
            00003044    _left_output
0002282b                _lseek
0002482f                _ltoa
0002479b                _main
000220e9                _malloc
000223b3                _max_free
00024f8c                _memccpy
00024c78                _memcpy
00022077                _minit
            00003046    _mono_input
0002276e                _open
            00003040    _pConfigInfo
            00003012    _pllCfg1
            00003038    _pllCfg_100MHz
            0000303c    _pllCfg_120MHz
            00003020    _pllCfg_12MHz
            00003024    _pllCfg_12p288MHz
            00003018    _pllCfg_1MHz
            0000301c    _pllCfg_2MHz
            00003028    _pllCfg_40MHz
            0000302c    _pllCfg_60MHz
            00003030    _pllCfg_75MHz
            00003034    _pllCfg_98MHz
            0000300c    _pllObj
00022e32                _pll_frequency_setup
00024d22                _printf
00024659                _putc
000246ec                _putchar
00023dfc                _puts
000226c4                _read
00024ae5                _readmsg
000221ea                _realloc
0002502d                _remove
00022690                _remove_device
00022639                _rename
            00003043    _right_input
            00003045    _right_output
00021711                _set_sampling_frequency_and_gain
00024314                _setvbuf
00024fae                _stereo_to_mono
00022605                _unlink
000224d8                _write
000244e1                _writemsg
ffffffff                binit
            00020120    cinit
ffffffff                edata
ffffffff                end
ffffffff                etext
ffffffff                pinit


GLOBAL SYMBOLS: SORTED BY Symbol Address 

abs. value/
byte addr   word addr   name
---------   ---------   ----
00000001                $TI_capability_requires_rev3
00000001                __TI_args_main
00000002                $TI_capability$C5500$CallingConvention
00000008                $TI_capability$C5500$MemoryModel
            00000060    __stack
00001000                __SYSSTACK_SIZE
00002000                __STACK_SIZE
00002000                __SYSMEM_SIZE
            00001060    __STACK_END
            00001060    __sysstack
            00001860    __sys_memory
            00002c0a    __ctypes_
            00002db0    __ftable
            00002e28    __tmpnams
            00002ec8    __ft_end
            0000300c    _pllObj
            00003012    _pllCfg1
            00003016    _hPll
            00003018    _pllCfg_1MHz
            0000301c    _pllCfg_2MHz
            00003020    _pllCfg_12MHz
            00003024    _pllCfg_12p288MHz
            00003028    _pllCfg_40MHz
            0000302c    _pllCfg_60MHz
            00003030    _pllCfg_75MHz
            00003034    _pllCfg_98MHz
            00003038    _pllCfg_100MHz
            0000303c    _pllCfg_120MHz
            00003040    _pConfigInfo
            00003042    _left_input
            00003043    _right_input
            00003044    _left_output
            00003045    _right_output
            00003046    _mono_input
            00003048    _i
            00003052    __lock
            00003054    __unlock
            00003056    __cleanup_ptr
            00003058    __dtors_ptr
            0000305a    _counter1
            0000305b    _counter2
00021315                __printfi
00021533                _aic3204_init
00021711                _set_sampling_frequency_and_gain
00021a6d                _getenv
00021aed                _HOSTwrite
00021b78                _HOSTunlink
00021be4                _HOSTtime
00021c42                _HOSTrename
00021cfb                _HOSTread
00021d86                _HOSTopen
00021e27                _HOSTlseek
00021edc                _HOSTclose
00021f47                _HOSTclock
00021fa5                _free
00022077                _minit
000220e9                _malloc
000221ea                _realloc
000223b3                _max_free
0002241d                _free_memory
00022484                _chkheap
0002248c                _calloc
000224d8                _write
00022605                _unlink
00022639                _rename
00022690                _remove_device
000226c4                _read
0002276e                _open
0002282b                _lseek
0002288f                _find_registered_device
00022898                _close
00022908                _add_device
000229f0                __divd
00022e32                _pll_frequency_setup
00023121                _PLL_init
00023159                _PLL_config
00023282                _PLL_enable
000232e9                _PLL_bypass
00023338                _PLL_reset
000234b9                __cleanup
00023511                _freopen
000235d7                _fopen
00023610                __remull
0002365e                __remlli
0002368d                __mpylli
00023744                __divull
00023838                __divlli
0002386c                __addd
00023ac3                __neqd
00023af7                __lssd
00023b3f                __leqd
00023b8c                __gtrd
00023bd7                __geqd
00023c21                __eqld
00023c55                __cmpd
00023cad                _fputs
00023dfc                _puts
00023e28                _USBSTK5505_GPIO_init
00023e2c                _USBSTK5505_GPIO_setDirection
00023eb7                _USBSTK5505_GPIO_setOutput
00023f34                _USBSTK5505_GPIO_getInput
00023f8c                __mpyd
000240d7                _USBSTK5505_I2C_init
000240f6                _USBSTK5505_I2C_close
000240ff                _USBSTK5505_I2C_reset
0002410d                _USBSTK5505_I2C_write
00024188                _USBSTK5505_I2C_read
00024201                _AIC3204_rget
0002424c                _AIC3204_rset
0002426e                _aic3204_hardware_init
00024280                _aic3204_disable
00024292                _aic3204_codec_read
000242d8                _aic3204_codec_write
00024314                _setvbuf
00024407                __wrt_ok
00024484                __rd_ok
000244e1                _writemsg
0002459a                C$$IO$$
0002459f                __doflush
00024601                _fflush
00024659                _fputc
00024659                _putc
000246ec                _putchar
000246fb                __divul
0002479b                _main
0002482f                _ltoa
000248a8                _fclose
0002491e                __frcmpyd
00024994                __frcmpyd_div
00024a07                __remul
00024a77                __fixdli
00024ae5                _readmsg
00024b50                _fseek
00024bb8                __fltlid
00024c1f                _atoi
00024c78                _memcpy
00024cce                _USBSTK5505_wait
00024d02                _USBSTK5505_waitusec
00024d14                _USBSTK5505_init
00024d22                _printf
00024d70                _auto_init
00024dbd                __remli
00024e08                __args_main
00024e51                __divli
00024e99                _exit
00024ed7                _c_int00
00024f0b                _USBSTK5505_LED_init
00024f16                _USBSTK5505_LED_on
00024f27                _USBSTK5505_LED_off
00024f38                __fixdi
00024f62                I$$UDIV
00024f62                __divu
00024f77                I$$UMOD
00024f77                __remu
00024f8c                _memccpy
00024fae                _stereo_to_mono
00024fca                ___isinf
00024fe4                __subd
00024ff8                I$$LMPY
00024ff8                __mpyli
0002500b                __register_unlock
00025013                __register_lock
0002501b                __nop
0002501d                __negd
0002502d                _remove
00025037                _abort
00025038                C$$EXIT
            00020000    __CIOBUF_
            00020120    ___cinit__
            00020120    cinit
0004fe00                _Reset
ffffffff                .bss
ffffffff                .data
ffffffff                .text
ffffffff                ___binit__
ffffffff                ___bss__
ffffffff                ___c_args__
ffffffff                ___data__
ffffffff                ___edata__
ffffffff                ___end__
ffffffff                ___etext__
ffffffff                ___pinit__
ffffffff                ___text__
ffffffff                binit
ffffffff                edata
ffffffff                end
ffffffff                etext
ffffffff                pinit

[188 symbols]
