<?xml version="1.0"?>
<link_info>
   <banner>TMS320C55x Linker Unix v4.4.1</banner>
   <copyright>Copyright (c) 1996-2012 Texas Instruments Incorporated</copyright>
   <link_time>0x5e64e66e</link_time>
   <output_file>C5535audioLoopInOut.out</output_file>
   <entry_point>
      <name>_c_int00</name>
      <address>0x24ed7</address>
   </entry_point>
   <input_file_list>
      <input_file id="fl-2">
         <path>./</path>
         <kind>object</kind>
         <file>PLL.obj</file>
         <name>PLL.obj</name>
      </input_file>
      <input_file id="fl-3">
         <path>./</path>
         <kind>object</kind>
         <file>aic3204.obj</file>
         <name>aic3204.obj</name>
      </input_file>
      <input_file id="fl-4">
         <path>./</path>
         <kind>object</kind>
         <file>aic3204_init.obj</file>
         <name>aic3204_init.obj</name>
      </input_file>
      <input_file id="fl-5">
         <path>./</path>
         <kind>object</kind>
         <file>main.obj</file>
         <name>main.obj</name>
      </input_file>
      <input_file id="fl-6">
         <path>./</path>
         <kind>object</kind>
         <file>stereo.obj</file>
         <name>stereo.obj</name>
      </input_file>
      <input_file id="fl-7">
         <path>./</path>
         <kind>object</kind>
         <file>usbstk5505.obj</file>
         <name>usbstk5505.obj</name>
      </input_file>
      <input_file id="fl-8">
         <path>./</path>
         <kind>object</kind>
         <file>usbstk5505_gpio.obj</file>
         <name>usbstk5505_gpio.obj</name>
      </input_file>
      <input_file id="fl-9">
         <path>./</path>
         <kind>object</kind>
         <file>usbstk5505_i2c.obj</file>
         <name>usbstk5505_i2c.obj</name>
      </input_file>
      <input_file id="fl-a">
         <path>./</path>
         <kind>object</kind>
         <file>usbstk5505_led.obj</file>
         <name>usbstk5505_led.obj</name>
      </input_file>
      <input_file id="fl-10">
         <path>../</path>
         <kind>archive</kind>
         <file>CSLc55x5h.lib</file>
         <name>csl_pll.obj</name>
      </input_file>
      <input_file id="fl-11">
         <path>/home/janus/ti/ccs930/ccs/tools/compiler/c5500_4.4.1/lib/</path>
         <kind>archive</kind>
         <file>rts55h.lib</file>
         <name>boot.obj</name>
      </input_file>
      <input_file id="fl-12">
         <path>/home/janus/ti/ccs930/ccs/tools/compiler/c5500_4.4.1/lib/</path>
         <kind>archive</kind>
         <file>rts55h.lib</file>
         <name>exit.obj</name>
      </input_file>
      <input_file id="fl-13">
         <path>/home/janus/ti/ccs930/ccs/tools/compiler/c5500_4.4.1/lib/</path>
         <kind>archive</kind>
         <file>rts55h.lib</file>
         <name>printf.obj</name>
      </input_file>
      <input_file id="fl-14">
         <path>/home/janus/ti/ccs930/ccs/tools/compiler/c5500_4.4.1/lib/</path>
         <kind>archive</kind>
         <file>rts55h.lib</file>
         <name>vectors.obj</name>
      </input_file>
      <input_file id="fl-15">
         <path>/home/janus/ti/ccs930/ccs/tools/compiler/c5500_4.4.1/lib/</path>
         <kind>archive</kind>
         <file>rts55h.lib</file>
         <name>_lock.obj</name>
      </input_file>
      <input_file id="fl-16">
         <path>/home/janus/ti/ccs930/ccs/tools/compiler/c5500_4.4.1/lib/</path>
         <kind>archive</kind>
         <file>rts55h.lib</file>
         <name>_printfi.obj</name>
      </input_file>
      <input_file id="fl-17">
         <path>/home/janus/ti/ccs930/ccs/tools/compiler/c5500_4.4.1/lib/</path>
         <kind>archive</kind>
         <file>rts55h.lib</file>
         <name>args_main.obj</name>
      </input_file>
      <input_file id="fl-18">
         <path>/home/janus/ti/ccs930/ccs/tools/compiler/c5500_4.4.1/lib/</path>
         <kind>archive</kind>
         <file>rts55h.lib</file>
         <name>atoi.obj</name>
      </input_file>
      <input_file id="fl-19">
         <path>/home/janus/ti/ccs930/ccs/tools/compiler/c5500_4.4.1/lib/</path>
         <kind>archive</kind>
         <file>rts55h.lib</file>
         <name>autoinit.obj</name>
      </input_file>
      <input_file id="fl-1a">
         <path>/home/janus/ti/ccs930/ccs/tools/compiler/c5500_4.4.1/lib/</path>
         <kind>archive</kind>
         <file>rts55h.lib</file>
         <name>cmpd.obj</name>
      </input_file>
      <input_file id="fl-1b">
         <path>/home/janus/ti/ccs930/ccs/tools/compiler/c5500_4.4.1/lib/</path>
         <kind>archive</kind>
         <file>rts55h.lib</file>
         <name>ctype.obj</name>
      </input_file>
      <input_file id="fl-1c">
         <path>/home/janus/ti/ccs930/ccs/tools/compiler/c5500_4.4.1/lib/</path>
         <kind>archive</kind>
         <file>rts55h.lib</file>
         <name>defs.obj</name>
      </input_file>
      <input_file id="fl-1d">
         <path>/home/janus/ti/ccs930/ccs/tools/compiler/c5500_4.4.1/lib/</path>
         <kind>archive</kind>
         <file>rts55h.lib</file>
         <name>divd.obj</name>
      </input_file>
      <input_file id="fl-1e">
         <path>/home/janus/ti/ccs930/ccs/tools/compiler/c5500_4.4.1/lib/</path>
         <kind>archive</kind>
         <file>rts55h.lib</file>
         <name>divul.obj</name>
      </input_file>
      <input_file id="fl-1f">
         <path>/home/janus/ti/ccs930/ccs/tools/compiler/c5500_4.4.1/lib/</path>
         <kind>archive</kind>
         <file>rts55h.lib</file>
         <name>fixdi.obj</name>
      </input_file>
      <input_file id="fl-20">
         <path>/home/janus/ti/ccs930/ccs/tools/compiler/c5500_4.4.1/lib/</path>
         <kind>archive</kind>
         <file>rts55h.lib</file>
         <name>fixdli.obj</name>
      </input_file>
      <input_file id="fl-21">
         <path>/home/janus/ti/ccs930/ccs/tools/compiler/c5500_4.4.1/lib/</path>
         <kind>archive</kind>
         <file>rts55h.lib</file>
         <name>fltlid.obj</name>
      </input_file>
      <input_file id="fl-22">
         <path>/home/janus/ti/ccs930/ccs/tools/compiler/c5500_4.4.1/lib/</path>
         <kind>archive</kind>
         <file>rts55h.lib</file>
         <name>fputc.obj</name>
      </input_file>
      <input_file id="fl-23">
         <path>/home/janus/ti/ccs930/ccs/tools/compiler/c5500_4.4.1/lib/</path>
         <kind>archive</kind>
         <file>rts55h.lib</file>
         <name>fputs.obj</name>
      </input_file>
      <input_file id="fl-24">
         <path>/home/janus/ti/ccs930/ccs/tools/compiler/c5500_4.4.1/lib/</path>
         <kind>archive</kind>
         <file>rts55h.lib</file>
         <name>frcmpyd_div.obj</name>
      </input_file>
      <input_file id="fl-25">
         <path>/home/janus/ti/ccs930/ccs/tools/compiler/c5500_4.4.1/lib/</path>
         <kind>archive</kind>
         <file>rts55h.lib</file>
         <name>isinf.obj</name>
      </input_file>
      <input_file id="fl-26">
         <path>/home/janus/ti/ccs930/ccs/tools/compiler/c5500_4.4.1/lib/</path>
         <kind>archive</kind>
         <file>rts55h.lib</file>
         <name>llmpy.obj</name>
      </input_file>
      <input_file id="fl-27">
         <path>/home/janus/ti/ccs930/ccs/tools/compiler/c5500_4.4.1/lib/</path>
         <kind>archive</kind>
         <file>rts55h.lib</file>
         <name>lmpy.obj</name>
      </input_file>
      <input_file id="fl-28">
         <path>/home/janus/ti/ccs930/ccs/tools/compiler/c5500_4.4.1/lib/</path>
         <kind>archive</kind>
         <file>rts55h.lib</file>
         <name>lowlev.obj</name>
      </input_file>
      <input_file id="fl-29">
         <path>/home/janus/ti/ccs930/ccs/tools/compiler/c5500_4.4.1/lib/</path>
         <kind>archive</kind>
         <file>rts55h.lib</file>
         <name>ltoa.obj</name>
      </input_file>
      <input_file id="fl-2a">
         <path>/home/janus/ti/ccs930/ccs/tools/compiler/c5500_4.4.1/lib/</path>
         <kind>archive</kind>
         <file>rts55h.lib</file>
         <name>memccpy.obj</name>
      </input_file>
      <input_file id="fl-2b">
         <path>/home/janus/ti/ccs930/ccs/tools/compiler/c5500_4.4.1/lib/</path>
         <kind>archive</kind>
         <file>rts55h.lib</file>
         <name>memcpy.obj</name>
      </input_file>
      <input_file id="fl-2c">
         <path>/home/janus/ti/ccs930/ccs/tools/compiler/c5500_4.4.1/lib/</path>
         <kind>archive</kind>
         <file>rts55h.lib</file>
         <name>mpyd.obj</name>
      </input_file>
      <input_file id="fl-2d">
         <path>/home/janus/ti/ccs930/ccs/tools/compiler/c5500_4.4.1/lib/</path>
         <kind>archive</kind>
         <file>rts55h.lib</file>
         <name>negd.obj</name>
      </input_file>
      <input_file id="fl-2e">
         <path>/home/janus/ti/ccs930/ccs/tools/compiler/c5500_4.4.1/lib/</path>
         <kind>archive</kind>
         <file>rts55h.lib</file>
         <name>remli.obj</name>
      </input_file>
      <input_file id="fl-2f">
         <path>/home/janus/ti/ccs930/ccs/tools/compiler/c5500_4.4.1/lib/</path>
         <kind>archive</kind>
         <file>rts55h.lib</file>
         <name>remul.obj</name>
      </input_file>
      <input_file id="fl-30">
         <path>/home/janus/ti/ccs930/ccs/tools/compiler/c5500_4.4.1/lib/</path>
         <kind>archive</kind>
         <file>rts55h.lib</file>
         <name>subd.obj</name>
      </input_file>
      <input_file id="fl-31">
         <path>/home/janus/ti/ccs930/ccs/tools/compiler/c5500_4.4.1/lib/</path>
         <kind>archive</kind>
         <file>rts55h.lib</file>
         <name>trgdrv.obj</name>
      </input_file>
      <input_file id="fl-32">
         <path>/home/janus/ti/ccs930/ccs/tools/compiler/c5500_4.4.1/lib/</path>
         <kind>archive</kind>
         <file>rts55h.lib</file>
         <name>trgmsg.obj</name>
      </input_file>
      <input_file id="fl-33">
         <path>/home/janus/ti/ccs930/ccs/tools/compiler/c5500_4.4.1/lib/</path>
         <kind>archive</kind>
         <file>rts55h.lib</file>
         <name>udiv.obj</name>
      </input_file>
      <input_file id="fl-34">
         <path>/home/janus/ti/ccs930/ccs/tools/compiler/c5500_4.4.1/lib/</path>
         <kind>archive</kind>
         <file>rts55h.lib</file>
         <name>_io_perm.obj</name>
      </input_file>
      <input_file id="fl-35">
         <path>/home/janus/ti/ccs930/ccs/tools/compiler/c5500_4.4.1/lib/</path>
         <kind>archive</kind>
         <file>rts55h.lib</file>
         <name>addd.obj</name>
      </input_file>
      <input_file id="fl-36">
         <path>/home/janus/ti/ccs930/ccs/tools/compiler/c5500_4.4.1/lib/</path>
         <kind>archive</kind>
         <file>rts55h.lib</file>
         <name>divli.obj</name>
      </input_file>
      <input_file id="fl-37">
         <path>/home/janus/ti/ccs930/ccs/tools/compiler/c5500_4.4.1/lib/</path>
         <kind>archive</kind>
         <file>rts55h.lib</file>
         <name>fflush.obj</name>
      </input_file>
      <input_file id="fl-38">
         <path>/home/janus/ti/ccs930/ccs/tools/compiler/c5500_4.4.1/lib/</path>
         <kind>archive</kind>
         <file>rts55h.lib</file>
         <name>frcmpyd.obj</name>
      </input_file>
      <input_file id="fl-39">
         <path>/home/janus/ti/ccs930/ccs/tools/compiler/c5500_4.4.1/lib/</path>
         <kind>archive</kind>
         <file>rts55h.lib</file>
         <name>fseek.obj</name>
      </input_file>
      <input_file id="fl-3a">
         <path>/home/janus/ti/ccs930/ccs/tools/compiler/c5500_4.4.1/lib/</path>
         <kind>archive</kind>
         <file>rts55h.lib</file>
         <name>setvbuf.obj</name>
      </input_file>
      <input_file id="fl-3b">
         <path>/home/janus/ti/ccs930/ccs/tools/compiler/c5500_4.4.1/lib/</path>
         <kind>archive</kind>
         <file>rts55h.lib</file>
         <name>fopen.obj</name>
      </input_file>
      <input_file id="fl-3c">
         <path>/home/janus/ti/ccs930/ccs/tools/compiler/c5500_4.4.1/lib/</path>
         <kind>archive</kind>
         <file>rts55h.lib</file>
         <name>memory.obj</name>
      </input_file>
      <input_file id="fl-3d">
         <path>/home/janus/ti/ccs930/ccs/tools/compiler/c5500_4.4.1/lib/</path>
         <kind>archive</kind>
         <file>rts55h.lib</file>
         <name>fclose.obj</name>
      </input_file>
      <input_file id="fl-3e">
         <path>/home/janus/ti/ccs930/ccs/tools/compiler/c5500_4.4.1/lib/</path>
         <kind>archive</kind>
         <file>rts55h.lib</file>
         <name>remove.obj</name>
      </input_file>
   </input_file_list>
   <object_component_list>
      <object_component id="oc-67">
         <name>.text</name>
         <load_address>0x20000</load_address>
         <run_address>0x20000</run_address>
         <size>0x1533</size>
         <input_file_ref idref="fl-16"/>
      </object_component>
      <object_component id="oc-20">
         <name>.text</name>
         <load_address>0x21533</load_address>
         <run_address>0x21533</run_address>
         <size>0x53a</size>
         <input_file_ref idref="fl-4"/>
      </object_component>
      <object_component id="oc-d7">
         <name>.text</name>
         <load_address>0x21a6d</load_address>
         <run_address>0x21a6d</run_address>
         <size>0x538</size>
         <input_file_ref idref="fl-31"/>
      </object_component>
      <object_component id="oc-108">
         <name>.text</name>
         <load_address>0x21fa5</load_address>
         <run_address>0x21fa5</run_address>
         <size>0x533</size>
         <input_file_ref idref="fl-3c"/>
      </object_component>
      <object_component id="oc-b1">
         <name>.text</name>
         <load_address>0x224d8</load_address>
         <run_address>0x224d8</run_address>
         <size>0x518</size>
         <input_file_ref idref="fl-28"/>
      </object_component>
      <object_component id="oc-83">
         <name>.text</name>
         <load_address>0x229f0</load_address>
         <run_address>0x229f0</run_address>
         <size>0x3c7</size>
         <input_file_ref idref="fl-1d"/>
      </object_component>
      <object_component id="oc-12">
         <name>.text</name>
         <load_address>0x22db7</load_address>
         <run_address>0x22db7</run_address>
         <size>0x340</size>
         <input_file_ref idref="fl-2"/>
      </object_component>
      <object_component id="oc-49">
         <name>.text</name>
         <load_address>0x230f7</load_address>
         <run_address>0x230f7</run_address>
         <size>0x2ad</size>
         <input_file_ref idref="fl-10"/>
      </object_component>
      <object_component id="oc-102">
         <name>.text</name>
         <load_address>0x233a4</load_address>
         <run_address>0x233a4</run_address>
         <size>0x26c</size>
         <input_file_ref idref="fl-3b"/>
      </object_component>
      <object_component id="oc-a9">
         <name>.text</name>
         <load_address>0x23610</load_address>
         <run_address>0x23610</run_address>
         <size>0x25c</size>
         <input_file_ref idref="fl-26"/>
      </object_component>
      <object_component id="oc-ea">
         <name>.text</name>
         <load_address>0x2386c</load_address>
         <run_address>0x2386c</run_address>
         <size>0x257</size>
         <input_file_ref idref="fl-35"/>
      </object_component>
      <object_component id="oc-79">
         <name>.text</name>
         <load_address>0x23ac3</load_address>
         <run_address>0x23ac3</run_address>
         <size>0x1ea</size>
         <input_file_ref idref="fl-1a"/>
      </object_component>
      <object_component id="oc-9c">
         <name>.text</name>
         <load_address>0x23cad</load_address>
         <run_address>0x23cad</run_address>
         <size>0x17b</size>
         <input_file_ref idref="fl-23"/>
      </object_component>
      <object_component id="oc-38">
         <name>.text</name>
         <load_address>0x23e28</load_address>
         <run_address>0x23e28</run_address>
         <size>0x164</size>
         <input_file_ref idref="fl-8"/>
      </object_component>
      <object_component id="oc-c3">
         <name>.text</name>
         <load_address>0x23f8c</load_address>
         <run_address>0x23f8c</run_address>
         <size>0x14b</size>
         <input_file_ref idref="fl-2c"/>
      </object_component>
      <object_component id="oc-3d">
         <name>.text</name>
         <load_address>0x240d7</load_address>
         <run_address>0x240d7</run_address>
         <size>0x12a</size>
         <input_file_ref idref="fl-9"/>
      </object_component>
      <object_component id="oc-1a">
         <name>.text</name>
         <load_address>0x24201</load_address>
         <run_address>0x24201</run_address>
         <size>0x113</size>
         <input_file_ref idref="fl-3"/>
      </object_component>
      <object_component id="oc-fe">
         <name>.text</name>
         <load_address>0x24314</load_address>
         <run_address>0x24314</run_address>
         <size>0xf3</size>
         <input_file_ref idref="fl-3a"/>
      </object_component>
      <object_component id="oc-e6">
         <name>.text</name>
         <load_address>0x24407</load_address>
         <run_address>0x24407</run_address>
         <size>0xda</size>
         <input_file_ref idref="fl-34"/>
      </object_component>
      <object_component id="oc-df">
         <name>.text:CIO_breakpoint</name>
         <load_address>0x244e1</load_address>
         <run_address>0x244e1</run_address>
         <size>0xbe</size>
         <input_file_ref idref="fl-32"/>
      </object_component>
      <object_component id="oc-f2">
         <name>.text</name>
         <load_address>0x2459f</load_address>
         <run_address>0x2459f</run_address>
         <size>0xba</size>
         <input_file_ref idref="fl-37"/>
      </object_component>
      <object_component id="oc-98">
         <name>.text</name>
         <load_address>0x24659</load_address>
         <run_address>0x24659</run_address>
         <size>0xa2</size>
         <input_file_ref idref="fl-22"/>
      </object_component>
      <object_component id="oc-87">
         <name>.text</name>
         <load_address>0x246fb</load_address>
         <run_address>0x246fb</run_address>
         <size>0xa0</size>
         <input_file_ref idref="fl-1e"/>
      </object_component>
      <object_component id="oc-26">
         <name>.text</name>
         <load_address>0x2479b</load_address>
         <run_address>0x2479b</run_address>
         <size>0x94</size>
         <input_file_ref idref="fl-5"/>
      </object_component>
      <object_component id="oc-b7">
         <name>.text</name>
         <load_address>0x2482f</load_address>
         <run_address>0x2482f</run_address>
         <size>0x79</size>
         <input_file_ref idref="fl-29"/>
      </object_component>
      <object_component id="oc-10f">
         <name>.text</name>
         <load_address>0x248a8</load_address>
         <run_address>0x248a8</run_address>
         <size>0x76</size>
         <input_file_ref idref="fl-3d"/>
      </object_component>
      <object_component id="oc-f6">
         <name>.text</name>
         <load_address>0x2491e</load_address>
         <run_address>0x2491e</run_address>
         <size>0x76</size>
         <input_file_ref idref="fl-38"/>
      </object_component>
      <object_component id="oc-a1">
         <name>.text</name>
         <load_address>0x24994</load_address>
         <run_address>0x24994</run_address>
         <size>0x73</size>
         <input_file_ref idref="fl-24"/>
      </object_component>
      <object_component id="oc-cf">
         <name>.text</name>
         <load_address>0x24a07</load_address>
         <run_address>0x24a07</run_address>
         <size>0x70</size>
         <input_file_ref idref="fl-2f"/>
      </object_component>
      <object_component id="oc-8f">
         <name>.text</name>
         <load_address>0x24a77</load_address>
         <run_address>0x24a77</run_address>
         <size>0x6e</size>
         <input_file_ref idref="fl-20"/>
      </object_component>
      <object_component id="oc-dc">
         <name>.text</name>
         <load_address>0x24ae5</load_address>
         <run_address>0x24ae5</run_address>
         <size>0x6b</size>
         <input_file_ref idref="fl-32"/>
      </object_component>
      <object_component id="oc-fa">
         <name>.text</name>
         <load_address>0x24b50</load_address>
         <run_address>0x24b50</run_address>
         <size>0x68</size>
         <input_file_ref idref="fl-39"/>
      </object_component>
      <object_component id="oc-93">
         <name>.text</name>
         <load_address>0x24bb8</load_address>
         <run_address>0x24bb8</run_address>
         <size>0x67</size>
         <input_file_ref idref="fl-21"/>
      </object_component>
      <object_component id="oc-71">
         <name>.text</name>
         <load_address>0x24c1f</load_address>
         <run_address>0x24c1f</run_address>
         <size>0x59</size>
         <input_file_ref idref="fl-18"/>
      </object_component>
      <object_component id="oc-bf">
         <name>.text</name>
         <load_address>0x24c78</load_address>
         <run_address>0x24c78</run_address>
         <size>0x56</size>
         <input_file_ref idref="fl-2b"/>
      </object_component>
      <object_component id="oc-33">
         <name>.text</name>
         <load_address>0x24cce</load_address>
         <run_address>0x24cce</run_address>
         <size>0x54</size>
         <input_file_ref idref="fl-7"/>
      </object_component>
      <object_component id="oc-59">
         <name>.text</name>
         <load_address>0x24d22</load_address>
         <run_address>0x24d22</run_address>
         <size>0x4e</size>
         <input_file_ref idref="fl-13"/>
      </object_component>
      <object_component id="oc-75">
         <name>.text</name>
         <load_address>0x24d70</load_address>
         <run_address>0x24d70</run_address>
         <size>0x4d</size>
         <input_file_ref idref="fl-19"/>
      </object_component>
      <object_component id="oc-cb">
         <name>.text</name>
         <load_address>0x24dbd</load_address>
         <run_address>0x24dbd</run_address>
         <size>0x4b</size>
         <input_file_ref idref="fl-2e"/>
      </object_component>
      <object_component id="oc-6d">
         <name>.text</name>
         <load_address>0x24e08</load_address>
         <run_address>0x24e08</run_address>
         <size>0x49</size>
         <input_file_ref idref="fl-17"/>
      </object_component>
      <object_component id="oc-ee">
         <name>.text</name>
         <load_address>0x24e51</load_address>
         <run_address>0x24e51</run_address>
         <size>0x48</size>
         <input_file_ref idref="fl-36"/>
      </object_component>
      <object_component id="oc-52">
         <name>.text</name>
         <load_address>0x24e99</load_address>
         <run_address>0x24e99</run_address>
         <size>0x3e</size>
         <input_file_ref idref="fl-12"/>
      </object_component>
      <object_component id="oc-10">
         <name>.text</name>
         <load_address>0x24ed7</load_address>
         <run_address>0x24ed7</run_address>
         <size>0x34</size>
         <input_file_ref idref="fl-11"/>
      </object_component>
      <object_component id="oc-44">
         <name>.text</name>
         <load_address>0x24f0b</load_address>
         <run_address>0x24f0b</run_address>
         <size>0x2d</size>
         <input_file_ref idref="fl-a"/>
      </object_component>
      <object_component id="oc-8b">
         <name>.text</name>
         <load_address>0x24f38</load_address>
         <run_address>0x24f38</run_address>
         <size>0x2a</size>
         <input_file_ref idref="fl-1f"/>
      </object_component>
      <object_component id="oc-e2">
         <name>.text</name>
         <load_address>0x24f62</load_address>
         <run_address>0x24f62</run_address>
         <size>0x2a</size>
         <input_file_ref idref="fl-33"/>
      </object_component>
      <object_component id="oc-bb">
         <name>.text</name>
         <load_address>0x24f8c</load_address>
         <run_address>0x24f8c</run_address>
         <size>0x22</size>
         <input_file_ref idref="fl-2a"/>
      </object_component>
      <object_component id="oc-2e">
         <name>.text</name>
         <load_address>0x24fae</load_address>
         <run_address>0x24fae</run_address>
         <size>0x1c</size>
         <input_file_ref idref="fl-6"/>
      </object_component>
      <object_component id="oc-a5">
         <name>.text</name>
         <load_address>0x24fca</load_address>
         <run_address>0x24fca</run_address>
         <size>0x1a</size>
         <input_file_ref idref="fl-25"/>
      </object_component>
      <object_component id="oc-d3">
         <name>.text</name>
         <load_address>0x24fe4</load_address>
         <run_address>0x24fe4</run_address>
         <size>0x14</size>
         <input_file_ref idref="fl-30"/>
      </object_component>
      <object_component id="oc-ad">
         <name>.text</name>
         <load_address>0x24ff8</load_address>
         <run_address>0x24ff8</run_address>
         <size>0x13</size>
         <input_file_ref idref="fl-27"/>
      </object_component>
      <object_component id="oc-61">
         <name>.text</name>
         <load_address>0x2500b</load_address>
         <run_address>0x2500b</run_address>
         <size>0x12</size>
         <input_file_ref idref="fl-15"/>
      </object_component>
      <object_component id="oc-c7">
         <name>.text</name>
         <load_address>0x2501d</load_address>
         <run_address>0x2501d</run_address>
         <size>0x10</size>
         <input_file_ref idref="fl-2d"/>
      </object_component>
      <object_component id="oc-113">
         <name>.text</name>
         <load_address>0x2502d</load_address>
         <run_address>0x2502d</run_address>
         <size>0xa</size>
         <input_file_ref idref="fl-3e"/>
      </object_component>
      <object_component id="oc-56">
         <name>.text:CIO_breakpoint</name>
         <load_address>0x25037</load_address>
         <run_address>0x25037</run_address>
         <size>0x7</size>
         <input_file_ref idref="fl-12"/>
      </object_component>
      <object_component id="oc-5d">
         <name>.text</name>
         <load_address>0x2503e</load_address>
         <run_address>0x2503e</run_address>
         <size>0x2</size>
         <input_file_ref idref="fl-14"/>
      </object_component>
      <object_component id="oc-4e">
         <name>.stack</name>
         <uninitialized>true</uninitialized>
         <run_address>0xc0</run_address>
         <size>0x0</size>
         <input_file_ref idref="fl-11"/>
      </object_component>
      <object_component id="oc-131">
         <name>.stack</name>
         <uninitialized>true</uninitialized>
         <run_address>0xc0</run_address>
         <size>0x0</size>
      </object_component>
      <object_component id="oc-117">
         <name>.sysstack</name>
         <uninitialized>true</uninitialized>
         <run_address>0x20c0</run_address>
         <size>0x0</size>
         <input_file_ref idref="fl-11"/>
      </object_component>
      <object_component id="oc-133">
         <name>.sysstack</name>
         <uninitialized>true</uninitialized>
         <run_address>0x20c0</run_address>
         <size>0x0</size>
      </object_component>
      <object_component id="oc-7f">
         <name>.bss</name>
         <uninitialized>true</uninitialized>
         <run_address>0x5b60</run_address>
         <size>0x232</size>
         <input_file_ref idref="fl-1c"/>
      </object_component>
      <object_component id="oc-d8">
         <name>.bss</name>
         <uninitialized>true</uninitialized>
         <run_address>0x5d92</run_address>
         <size>0x1a0</size>
         <input_file_ref idref="fl-31"/>
      </object_component>
      <object_component id="oc-103">
         <name>.bss</name>
         <uninitialized>true</uninitialized>
         <run_address>0x5f32</run_address>
         <size>0x2</size>
         <input_file_ref idref="fl-3b"/>
      </object_component>
      <object_component id="oc-b2">
         <name>.bss</name>
         <uninitialized>true</uninitialized>
         <run_address>0x5f34</run_address>
         <size>0xe2</size>
         <input_file_ref idref="fl-28"/>
      </object_component>
      <object_component id="oc-3e">
         <name>.bss</name>
         <uninitialized>true</uninitialized>
         <run_address>0x6016</run_address>
         <size>0x2</size>
         <input_file_ref idref="fl-9"/>
      </object_component>
      <object_component id="oc-13">
         <name>.bss</name>
         <uninitialized>true</uninitialized>
         <run_address>0x6018</run_address>
         <size>0x6c</size>
         <input_file_ref idref="fl-2"/>
      </object_component>
      <object_component id="oc-27">
         <name>.bss</name>
         <uninitialized>true</uninitialized>
         <run_address>0x6084</run_address>
         <size>0x10</size>
         <input_file_ref idref="fl-5"/>
      </object_component>
      <object_component id="oc-109">
         <name>.bss</name>
         <uninitialized>true</uninitialized>
         <run_address>0x6094</run_address>
         <size>0xe</size>
         <input_file_ref idref="fl-3c"/>
      </object_component>
      <object_component id="oc-62">
         <name>.bss</name>
         <uninitialized>true</uninitialized>
         <run_address>0x60a4</run_address>
         <size>0x8</size>
         <input_file_ref idref="fl-15"/>
      </object_component>
      <object_component id="oc-53">
         <name>.bss</name>
         <uninitialized>true</uninitialized>
         <run_address>0x60ac</run_address>
         <size>0x8</size>
         <input_file_ref idref="fl-12"/>
      </object_component>
      <object_component id="oc-1b">
         <name>.bss</name>
         <uninitialized>true</uninitialized>
         <run_address>0x60b4</run_address>
         <size>0x4</size>
         <input_file_ref idref="fl-3"/>
      </object_component>
      <object_component id="oc-16">
         <name>.const:.string</name>
         <load_address>0x50c0</load_address>
         <run_address>0x50c0</run_address>
         <size>0x46c</size>
         <input_file_ref idref="fl-2"/>
      </object_component>
      <object_component id="oc-22">
         <name>.const:.string</name>
         <load_address>0x552c</load_address>
         <run_address>0x552c</run_address>
         <size>0x2e8</size>
         <input_file_ref idref="fl-4"/>
      </object_component>
      <object_component id="oc-118">
         <name>.const:__ctypes_</name>
         <load_address>0x5814</load_address>
         <run_address>0x5814</run_address>
         <size>0x202</size>
         <input_file_ref idref="fl-1b"/>
      </object_component>
      <object_component id="oc-2a">
         <name>.const:.string</name>
         <load_address>0x5a18</load_address>
         <run_address>0x5a18</run_address>
         <size>0xd0</size>
         <input_file_ref idref="fl-5"/>
      </object_component>
      <object_component id="oc-6a">
         <name>.const:.string</name>
         <load_address>0x5ae8</load_address>
         <run_address>0x5ae8</run_address>
         <size>0x48</size>
         <input_file_ref idref="fl-16"/>
      </object_component>
      <object_component id="oc-69">
         <name>.const</name>
         <load_address>0x5b30</load_address>
         <run_address>0x5b30</run_address>
         <size>0x18</size>
         <input_file_ref idref="fl-16"/>
      </object_component>
      <object_component id="oc-119">
         <name>.const:_initial_approx$1</name>
         <load_address>0x5b48</load_address>
         <run_address>0x5b48</run_address>
         <size>0x10</size>
         <input_file_ref idref="fl-1d"/>
      </object_component>
      <object_component id="oc-9e">
         <name>.const:.string</name>
         <load_address>0x5b58</load_address>
         <run_address>0x5b58</run_address>
         <size>0x4</size>
         <input_file_ref idref="fl-23"/>
      </object_component>
      <object_component id="oc-95">
         <name>.const</name>
         <load_address>0x5b5c</load_address>
         <run_address>0x5b5c</run_address>
         <size>0x4</size>
         <input_file_ref idref="fl-21"/>
      </object_component>
      <object_component id="oc-10c">
         <name>.sysmem</name>
         <uninitialized>true</uninitialized>
         <run_address>0x30c0</run_address>
         <size>0x0</size>
         <input_file_ref idref="fl-3c"/>
      </object_component>
      <object_component id="oc-132">
         <name>.sysmem</name>
         <uninitialized>true</uninitialized>
         <run_address>0x30c0</run_address>
         <size>0x0</size>
      </object_component>
      <object_component id="oc-15">
         <name>.cinit</name>
         <load_address>0x40240</load_address>
         <run_address>0x40240</run_address>
         <size>0x8c</size>
         <input_file_ref idref="fl-2"/>
      </object_component>
      <object_component id="oc-b4">
         <name>.cinit</name>
         <load_address>0x402cc</load_address>
         <run_address>0x402cc</run_address>
         <size>0x5a</size>
         <input_file_ref idref="fl-28"/>
      </object_component>
      <object_component id="oc-81">
         <name>.cinit</name>
         <load_address>0x40326</load_address>
         <run_address>0x40326</run_address>
         <size>0x54</size>
         <input_file_ref idref="fl-1c"/>
      </object_component>
      <object_component id="oc-64">
         <name>.cinit</name>
         <load_address>0x4037a</load_address>
         <run_address>0x4037a</run_address>
         <size>0x14</size>
         <input_file_ref idref="fl-15"/>
      </object_component>
      <object_component id="oc-55">
         <name>.cinit</name>
         <load_address>0x4038e</load_address>
         <run_address>0x4038e</run_address>
         <size>0x14</size>
         <input_file_ref idref="fl-12"/>
      </object_component>
      <object_component id="oc-29">
         <name>.cinit</name>
         <load_address>0x403a2</load_address>
         <run_address>0x403a2</run_address>
         <size>0xa</size>
         <input_file_ref idref="fl-5"/>
      </object_component>
      <object_component id="oc-105">
         <name>.cinit</name>
         <load_address>0x403ac</load_address>
         <run_address>0x403ac</run_address>
         <size>0x8</size>
         <input_file_ref idref="fl-3b"/>
      </object_component>
      <object_component id="oc-10b">
         <name>.cinit</name>
         <load_address>0x403b4</load_address>
         <run_address>0x403b4</run_address>
         <size>0x8</size>
         <input_file_ref idref="fl-3c"/>
      </object_component>
      <object_component id="oc-40">
         <name>.cinit</name>
         <load_address>0x403bc</load_address>
         <run_address>0x403bc</run_address>
         <size>0x8</size>
         <input_file_ref idref="fl-9"/>
      </object_component>
      <object_component id="oc-de">
         <name>.cio</name>
         <uninitialized>true</uninitialized>
         <run_address>0x40000</run_address>
         <size>0x240</size>
         <input_file_ref idref="fl-32"/>
      </object_component>
      <object_component id="oc-11">
         <name>vectors</name>
         <load_address>0x4fe00</load_address>
         <run_address>0x4fe00</run_address>
         <size>0x100</size>
         <input_file_ref idref="fl-14"/>
      </object_component>
      <object_component id="oc-14">
         <name>.debug_info</name>
         <load_address>0x0</load_address>
         <run_address>0x0</run_address>
         <size>0x1198</size>
         <input_file_ref idref="fl-2"/>
      </object_component>
      <object_component id="oc-1c">
         <name>.debug_info</name>
         <load_address>0x1198</load_address>
         <run_address>0x1198</run_address>
         <size>0xb12</size>
         <input_file_ref idref="fl-3"/>
      </object_component>
      <object_component id="oc-21">
         <name>.debug_info</name>
         <load_address>0x1caa</load_address>
         <run_address>0x1caa</run_address>
         <size>0xea5</size>
         <input_file_ref idref="fl-4"/>
      </object_component>
      <object_component id="oc-28">
         <name>.debug_info</name>
         <load_address>0x2b4f</load_address>
         <run_address>0x2b4f</run_address>
         <size>0x8c6</size>
         <input_file_ref idref="fl-5"/>
      </object_component>
      <object_component id="oc-2f">
         <name>.debug_info</name>
         <load_address>0x3415</load_address>
         <run_address>0x3415</run_address>
         <size>0x58a</size>
         <input_file_ref idref="fl-6"/>
      </object_component>
      <object_component id="oc-34">
         <name>.debug_info</name>
         <load_address>0x399f</load_address>
         <run_address>0x399f</run_address>
         <size>0x66a</size>
         <input_file_ref idref="fl-7"/>
      </object_component>
      <object_component id="oc-39">
         <name>.debug_info</name>
         <load_address>0x4009</load_address>
         <run_address>0x4009</run_address>
         <size>0x81a</size>
         <input_file_ref idref="fl-8"/>
      </object_component>
      <object_component id="oc-3f">
         <name>.debug_info</name>
         <load_address>0x4823</load_address>
         <run_address>0x4823</run_address>
         <size>0xa97</size>
         <input_file_ref idref="fl-9"/>
      </object_component>
      <object_component id="oc-45">
         <name>.debug_info</name>
         <load_address>0x52ba</load_address>
         <run_address>0x52ba</run_address>
         <size>0x64e</size>
         <input_file_ref idref="fl-a"/>
      </object_component>
      <object_component id="oc-4a">
         <name>.debug_info</name>
         <load_address>0x5908</load_address>
         <run_address>0x5908</run_address>
         <size>0x5ff3</size>
         <input_file_ref idref="fl-10"/>
      </object_component>
      <object_component id="oc-4f">
         <name>.debug_info</name>
         <load_address>0xb8fb</load_address>
         <run_address>0xb8fb</run_address>
         <size>0xe8</size>
         <input_file_ref idref="fl-11"/>
      </object_component>
      <object_component id="oc-54">
         <name>.debug_info</name>
         <load_address>0xb9e3</load_address>
         <run_address>0xb9e3</run_address>
         <size>0x5fb</size>
         <input_file_ref idref="fl-12"/>
      </object_component>
      <object_component id="oc-5a">
         <name>.debug_info</name>
         <load_address>0xbfde</load_address>
         <run_address>0xbfde</run_address>
         <size>0x76c</size>
         <input_file_ref idref="fl-13"/>
      </object_component>
      <object_component id="oc-5e">
         <name>.debug_info</name>
         <load_address>0xc74a</load_address>
         <run_address>0xc74a</run_address>
         <size>0xbc</size>
         <input_file_ref idref="fl-14"/>
      </object_component>
      <object_component id="oc-63">
         <name>.debug_info</name>
         <load_address>0xc806</load_address>
         <run_address>0xc806</run_address>
         <size>0x5bc</size>
         <input_file_ref idref="fl-15"/>
      </object_component>
      <object_component id="oc-68">
         <name>.debug_info</name>
         <load_address>0xcdc2</load_address>
         <run_address>0xcdc2</run_address>
         <size>0x27bd</size>
         <input_file_ref idref="fl-16"/>
      </object_component>
      <object_component id="oc-6e">
         <name>.debug_info</name>
         <load_address>0xf57f</load_address>
         <run_address>0xf57f</run_address>
         <size>0x586</size>
         <input_file_ref idref="fl-17"/>
      </object_component>
      <object_component id="oc-72">
         <name>.debug_info</name>
         <load_address>0xfb05</load_address>
         <run_address>0xfb05</run_address>
         <size>0x5a4</size>
         <input_file_ref idref="fl-18"/>
      </object_component>
      <object_component id="oc-76">
         <name>.debug_info</name>
         <load_address>0x100a9</load_address>
         <run_address>0x100a9</run_address>
         <size>0xcd</size>
         <input_file_ref idref="fl-19"/>
      </object_component>
      <object_component id="oc-7a">
         <name>.debug_info</name>
         <load_address>0x10176</load_address>
         <run_address>0x10176</run_address>
         <size>0x81f</size>
         <input_file_ref idref="fl-1a"/>
      </object_component>
      <object_component id="oc-7d">
         <name>.debug_info</name>
         <load_address>0x10995</load_address>
         <run_address>0x10995</run_address>
         <size>0x498</size>
         <input_file_ref idref="fl-1b"/>
      </object_component>
      <object_component id="oc-80">
         <name>.debug_info</name>
         <load_address>0x10e2d</load_address>
         <run_address>0x10e2d</run_address>
         <size>0x57e</size>
         <input_file_ref idref="fl-1c"/>
      </object_component>
      <object_component id="oc-84">
         <name>.debug_info</name>
         <load_address>0x113ab</load_address>
         <run_address>0x113ab</run_address>
         <size>0x7e8</size>
         <input_file_ref idref="fl-1d"/>
      </object_component>
      <object_component id="oc-88">
         <name>.debug_info</name>
         <load_address>0x11b93</load_address>
         <run_address>0x11b93</run_address>
         <size>0x534</size>
         <input_file_ref idref="fl-1e"/>
      </object_component>
      <object_component id="oc-8c">
         <name>.debug_info</name>
         <load_address>0x120c7</load_address>
         <run_address>0x120c7</run_address>
         <size>0x4cf</size>
         <input_file_ref idref="fl-1f"/>
      </object_component>
      <object_component id="oc-90">
         <name>.debug_info</name>
         <load_address>0x12596</load_address>
         <run_address>0x12596</run_address>
         <size>0x534</size>
         <input_file_ref idref="fl-20"/>
      </object_component>
      <object_component id="oc-94">
         <name>.debug_info</name>
         <load_address>0x12aca</load_address>
         <run_address>0x12aca</run_address>
         <size>0x549</size>
         <input_file_ref idref="fl-21"/>
      </object_component>
      <object_component id="oc-99">
         <name>.debug_info</name>
         <load_address>0x13013</load_address>
         <run_address>0x13013</run_address>
         <size>0x6aa</size>
         <input_file_ref idref="fl-22"/>
      </object_component>
      <object_component id="oc-9d">
         <name>.debug_info</name>
         <load_address>0x136bd</load_address>
         <run_address>0x136bd</run_address>
         <size>0x942</size>
         <input_file_ref idref="fl-23"/>
      </object_component>
      <object_component id="oc-a2">
         <name>.debug_info</name>
         <load_address>0x13fff</load_address>
         <run_address>0x13fff</run_address>
         <size>0x53e</size>
         <input_file_ref idref="fl-24"/>
      </object_component>
      <object_component id="oc-a6">
         <name>.debug_info</name>
         <load_address>0x1453d</load_address>
         <run_address>0x1453d</run_address>
         <size>0x680</size>
         <input_file_ref idref="fl-25"/>
      </object_component>
      <object_component id="oc-aa">
         <name>.debug_info</name>
         <load_address>0x14bbd</load_address>
         <run_address>0x14bbd</run_address>
         <size>0x7d4</size>
         <input_file_ref idref="fl-26"/>
      </object_component>
      <object_component id="oc-ae">
         <name>.debug_info</name>
         <load_address>0x15391</load_address>
         <run_address>0x15391</run_address>
         <size>0xbd</size>
         <input_file_ref idref="fl-27"/>
      </object_component>
      <object_component id="oc-b3">
         <name>.debug_info</name>
         <load_address>0x1544e</load_address>
         <run_address>0x1544e</run_address>
         <size>0x144b</size>
         <input_file_ref idref="fl-28"/>
      </object_component>
      <object_component id="oc-b8">
         <name>.debug_info</name>
         <load_address>0x16899</load_address>
         <run_address>0x16899</run_address>
         <size>0x5ad</size>
         <input_file_ref idref="fl-29"/>
      </object_component>
      <object_component id="oc-bc">
         <name>.debug_info</name>
         <load_address>0x16e46</load_address>
         <run_address>0x16e46</run_address>
         <size>0x574</size>
         <input_file_ref idref="fl-2a"/>
      </object_component>
      <object_component id="oc-c0">
         <name>.debug_info</name>
         <load_address>0x173ba</load_address>
         <run_address>0x173ba</run_address>
         <size>0xd1</size>
         <input_file_ref idref="fl-2b"/>
      </object_component>
      <object_component id="oc-c4">
         <name>.debug_info</name>
         <load_address>0x1748b</load_address>
         <run_address>0x1748b</run_address>
         <size>0x55b</size>
         <input_file_ref idref="fl-2c"/>
      </object_component>
      <object_component id="oc-c8">
         <name>.debug_info</name>
         <load_address>0x179e6</load_address>
         <run_address>0x179e6</run_address>
         <size>0x4b7</size>
         <input_file_ref idref="fl-2d"/>
      </object_component>
      <object_component id="oc-cc">
         <name>.debug_info</name>
         <load_address>0x17e9d</load_address>
         <run_address>0x17e9d</run_address>
         <size>0x4f2</size>
         <input_file_ref idref="fl-2e"/>
      </object_component>
      <object_component id="oc-d0">
         <name>.debug_info</name>
         <load_address>0x1838f</load_address>
         <run_address>0x1838f</run_address>
         <size>0x534</size>
         <input_file_ref idref="fl-2f"/>
      </object_component>
      <object_component id="oc-d4">
         <name>.debug_info</name>
         <load_address>0x188c3</load_address>
         <run_address>0x188c3</run_address>
         <size>0x4de</size>
         <input_file_ref idref="fl-30"/>
      </object_component>
      <object_component id="oc-d9">
         <name>.debug_info</name>
         <load_address>0x18da1</load_address>
         <run_address>0x18da1</run_address>
         <size>0xed4</size>
         <input_file_ref idref="fl-31"/>
      </object_component>
      <object_component id="oc-dd">
         <name>.debug_info</name>
         <load_address>0x19c75</load_address>
         <run_address>0x19c75</run_address>
         <size>0x744</size>
         <input_file_ref idref="fl-32"/>
      </object_component>
      <object_component id="oc-e3">
         <name>.debug_info</name>
         <load_address>0x1a3b9</load_address>
         <run_address>0x1a3b9</run_address>
         <size>0xef</size>
         <input_file_ref idref="fl-33"/>
      </object_component>
      <object_component id="oc-e7">
         <name>.debug_info</name>
         <load_address>0x1a4a8</load_address>
         <run_address>0x1a4a8</run_address>
         <size>0x662</size>
         <input_file_ref idref="fl-34"/>
      </object_component>
      <object_component id="oc-eb">
         <name>.debug_info</name>
         <load_address>0x1ab0a</load_address>
         <run_address>0x1ab0a</run_address>
         <size>0x5ab</size>
         <input_file_ref idref="fl-35"/>
      </object_component>
      <object_component id="oc-ef">
         <name>.debug_info</name>
         <load_address>0x1b0b5</load_address>
         <run_address>0x1b0b5</run_address>
         <size>0x4f2</size>
         <input_file_ref idref="fl-36"/>
      </object_component>
      <object_component id="oc-f3">
         <name>.debug_info</name>
         <load_address>0x1b5a7</load_address>
         <run_address>0x1b5a7</run_address>
         <size>0x706</size>
         <input_file_ref idref="fl-37"/>
      </object_component>
      <object_component id="oc-f7">
         <name>.debug_info</name>
         <load_address>0x1bcad</load_address>
         <run_address>0x1bcad</run_address>
         <size>0x4d2</size>
         <input_file_ref idref="fl-38"/>
      </object_component>
      <object_component id="oc-fb">
         <name>.debug_info</name>
         <load_address>0x1c17f</load_address>
         <run_address>0x1c17f</run_address>
         <size>0x5f7</size>
         <input_file_ref idref="fl-39"/>
      </object_component>
      <object_component id="oc-ff">
         <name>.debug_info</name>
         <load_address>0x1c776</load_address>
         <run_address>0x1c776</run_address>
         <size>0x64a</size>
         <input_file_ref idref="fl-3a"/>
      </object_component>
      <object_component id="oc-104">
         <name>.debug_info</name>
         <load_address>0x1cdc0</load_address>
         <run_address>0x1cdc0</run_address>
         <size>0xa1c</size>
         <input_file_ref idref="fl-3b"/>
      </object_component>
      <object_component id="oc-10a">
         <name>.debug_info</name>
         <load_address>0x1d7dc</load_address>
         <run_address>0x1d7dc</run_address>
         <size>0xba5</size>
         <input_file_ref idref="fl-3c"/>
      </object_component>
      <object_component id="oc-110">
         <name>.debug_info</name>
         <load_address>0x1e381</load_address>
         <run_address>0x1e381</run_address>
         <size>0x64f</size>
         <input_file_ref idref="fl-3d"/>
      </object_component>
      <object_component id="oc-114">
         <name>.debug_info</name>
         <load_address>0x1e9d0</load_address>
         <run_address>0x1e9d0</run_address>
         <size>0x510</size>
         <input_file_ref idref="fl-3e"/>
      </object_component>
      <object_component id="oc-13a">
         <name>.debug_info</name>
         <load_address>0x1eee0</load_address>
         <run_address>0x1eee0</run_address>
         <size>0x70</size>
      </object_component>
      <object_component id="oc-17">
         <name>.debug_frame</name>
         <load_address>0x0</load_address>
         <run_address>0x0</run_address>
         <size>0x103</size>
         <input_file_ref idref="fl-2"/>
      </object_component>
      <object_component id="oc-1d">
         <name>.debug_frame</name>
         <load_address>0x103</load_address>
         <run_address>0x103</run_address>
         <size>0x172</size>
         <input_file_ref idref="fl-3"/>
      </object_component>
      <object_component id="oc-23">
         <name>.debug_frame</name>
         <load_address>0x275</load_address>
         <run_address>0x275</run_address>
         <size>0x103</size>
         <input_file_ref idref="fl-4"/>
      </object_component>
      <object_component id="oc-2b">
         <name>.debug_frame</name>
         <load_address>0x378</load_address>
         <run_address>0x378</run_address>
         <size>0xe2</size>
         <input_file_ref idref="fl-5"/>
      </object_component>
      <object_component id="oc-30">
         <name>.debug_frame</name>
         <load_address>0x45a</load_address>
         <run_address>0x45a</run_address>
         <size>0xe4</size>
         <input_file_ref idref="fl-6"/>
      </object_component>
      <object_component id="oc-35">
         <name>.debug_frame</name>
         <load_address>0x53e</load_address>
         <run_address>0x53e</run_address>
         <size>0x116</size>
         <input_file_ref idref="fl-7"/>
      </object_component>
      <object_component id="oc-3a">
         <name>.debug_frame</name>
         <load_address>0x654</load_address>
         <run_address>0x654</run_address>
         <size>0x135</size>
         <input_file_ref idref="fl-8"/>
      </object_component>
      <object_component id="oc-41">
         <name>.debug_frame</name>
         <load_address>0x789</load_address>
         <run_address>0x789</run_address>
         <size>0x14a</size>
         <input_file_ref idref="fl-9"/>
      </object_component>
      <object_component id="oc-46">
         <name>.debug_frame</name>
         <load_address>0x8d3</load_address>
         <run_address>0x8d3</run_address>
         <size>0x11c</size>
         <input_file_ref idref="fl-a"/>
      </object_component>
      <object_component id="oc-4b">
         <name>.debug_frame</name>
         <load_address>0x9ef</load_address>
         <run_address>0x9ef</run_address>
         <size>0x175</size>
         <input_file_ref idref="fl-10"/>
      </object_component>
      <object_component id="oc-18">
         <name>.debug_line</name>
         <load_address>0x0</load_address>
         <run_address>0x0</run_address>
         <size>0x10e</size>
         <input_file_ref idref="fl-2"/>
      </object_component>
      <object_component id="oc-1e">
         <name>.debug_line</name>
         <load_address>0x10e</load_address>
         <run_address>0x10e</run_address>
         <size>0xf3</size>
         <input_file_ref idref="fl-3"/>
      </object_component>
      <object_component id="oc-24">
         <name>.debug_line</name>
         <load_address>0x201</load_address>
         <run_address>0x201</run_address>
         <size>0x21c</size>
         <input_file_ref idref="fl-4"/>
      </object_component>
      <object_component id="oc-2c">
         <name>.debug_line</name>
         <load_address>0x41d</load_address>
         <run_address>0x41d</run_address>
         <size>0x5e</size>
         <input_file_ref idref="fl-5"/>
      </object_component>
      <object_component id="oc-31">
         <name>.debug_line</name>
         <load_address>0x47b</load_address>
         <run_address>0x47b</run_address>
         <size>0x44</size>
         <input_file_ref idref="fl-6"/>
      </object_component>
      <object_component id="oc-36">
         <name>.debug_line</name>
         <load_address>0x4bf</load_address>
         <run_address>0x4bf</run_address>
         <size>0x83</size>
         <input_file_ref idref="fl-7"/>
      </object_component>
      <object_component id="oc-3b">
         <name>.debug_line</name>
         <load_address>0x542</load_address>
         <run_address>0x542</run_address>
         <size>0xdd</size>
         <input_file_ref idref="fl-8"/>
      </object_component>
      <object_component id="oc-42">
         <name>.debug_line</name>
         <load_address>0x61f</load_address>
         <run_address>0x61f</run_address>
         <size>0x118</size>
         <input_file_ref idref="fl-9"/>
      </object_component>
      <object_component id="oc-47">
         <name>.debug_line</name>
         <load_address>0x737</load_address>
         <run_address>0x737</run_address>
         <size>0x8c</size>
         <input_file_ref idref="fl-a"/>
      </object_component>
      <object_component id="oc-4c">
         <name>.debug_line</name>
         <load_address>0x7c3</load_address>
         <run_address>0x7c3</run_address>
         <size>0x2dd</size>
         <input_file_ref idref="fl-10"/>
      </object_component>
      <object_component id="oc-50">
         <name>.debug_line</name>
         <load_address>0xaa0</load_address>
         <run_address>0xaa0</run_address>
         <size>0x54</size>
         <input_file_ref idref="fl-11"/>
      </object_component>
      <object_component id="oc-57">
         <name>.debug_line</name>
         <load_address>0xaf4</load_address>
         <run_address>0xaf4</run_address>
         <size>0x51</size>
         <input_file_ref idref="fl-12"/>
      </object_component>
      <object_component id="oc-5b">
         <name>.debug_line</name>
         <load_address>0xb45</load_address>
         <run_address>0xb45</run_address>
         <size>0x69</size>
         <input_file_ref idref="fl-13"/>
      </object_component>
      <object_component id="oc-5f">
         <name>.debug_line</name>
         <load_address>0xbae</load_address>
         <run_address>0xbae</run_address>
         <size>0x37</size>
         <input_file_ref idref="fl-14"/>
      </object_component>
      <object_component id="oc-65">
         <name>.debug_line</name>
         <load_address>0xbe5</load_address>
         <run_address>0xbe5</run_address>
         <size>0x57</size>
         <input_file_ref idref="fl-15"/>
      </object_component>
      <object_component id="oc-6b">
         <name>.debug_line</name>
         <load_address>0xc3c</load_address>
         <run_address>0xc3c</run_address>
         <size>0x328</size>
         <input_file_ref idref="fl-16"/>
      </object_component>
      <object_component id="oc-6f">
         <name>.debug_line</name>
         <load_address>0xf64</load_address>
         <run_address>0xf64</run_address>
         <size>0x41</size>
         <input_file_ref idref="fl-17"/>
      </object_component>
      <object_component id="oc-73">
         <name>.debug_line</name>
         <load_address>0xfa5</load_address>
         <run_address>0xfa5</run_address>
         <size>0x46</size>
         <input_file_ref idref="fl-18"/>
      </object_component>
      <object_component id="oc-77">
         <name>.debug_line</name>
         <load_address>0xfeb</load_address>
         <run_address>0xfeb</run_address>
         <size>0x55</size>
         <input_file_ref idref="fl-19"/>
      </object_component>
      <object_component id="oc-7b">
         <name>.debug_line</name>
         <load_address>0x1040</load_address>
         <run_address>0x1040</run_address>
         <size>0xad</size>
         <input_file_ref idref="fl-1a"/>
      </object_component>
      <object_component id="oc-85">
         <name>.debug_line</name>
         <load_address>0x10ed</load_address>
         <run_address>0x10ed</run_address>
         <size>0x5b</size>
         <input_file_ref idref="fl-1d"/>
      </object_component>
      <object_component id="oc-89">
         <name>.debug_line</name>
         <load_address>0x1148</load_address>
         <run_address>0x1148</run_address>
         <size>0x44</size>
         <input_file_ref idref="fl-1e"/>
      </object_component>
      <object_component id="oc-8d">
         <name>.debug_line</name>
         <load_address>0x118c</load_address>
         <run_address>0x118c</run_address>
         <size>0x3d</size>
         <input_file_ref idref="fl-1f"/>
      </object_component>
      <object_component id="oc-91">
         <name>.debug_line</name>
         <load_address>0x11c9</load_address>
         <run_address>0x11c9</run_address>
         <size>0x3d</size>
         <input_file_ref idref="fl-20"/>
      </object_component>
      <object_component id="oc-96">
         <name>.debug_line</name>
         <load_address>0x1206</load_address>
         <run_address>0x1206</run_address>
         <size>0x44</size>
         <input_file_ref idref="fl-21"/>
      </object_component>
      <object_component id="oc-9a">
         <name>.debug_line</name>
         <load_address>0x124a</load_address>
         <run_address>0x124a</run_address>
         <size>0x56</size>
         <input_file_ref idref="fl-22"/>
      </object_component>
      <object_component id="oc-9f">
         <name>.debug_line</name>
         <load_address>0x12a0</load_address>
         <run_address>0x12a0</run_address>
         <size>0xa6</size>
         <input_file_ref idref="fl-23"/>
      </object_component>
      <object_component id="oc-a3">
         <name>.debug_line</name>
         <load_address>0x1346</load_address>
         <run_address>0x1346</run_address>
         <size>0x40</size>
         <input_file_ref idref="fl-24"/>
      </object_component>
      <object_component id="oc-a7">
         <name>.debug_line</name>
         <load_address>0x1386</load_address>
         <run_address>0x1386</run_address>
         <size>0x38</size>
         <input_file_ref idref="fl-25"/>
      </object_component>
      <object_component id="oc-ab">
         <name>.debug_line</name>
         <load_address>0x13be</load_address>
         <run_address>0x13be</run_address>
         <size>0xa8</size>
         <input_file_ref idref="fl-26"/>
      </object_component>
      <object_component id="oc-af">
         <name>.debug_line</name>
         <load_address>0x1466</load_address>
         <run_address>0x1466</run_address>
         <size>0x3c</size>
         <input_file_ref idref="fl-27"/>
      </object_component>
      <object_component id="oc-b5">
         <name>.debug_line</name>
         <load_address>0x14a2</load_address>
         <run_address>0x14a2</run_address>
         <size>0x1b0</size>
         <input_file_ref idref="fl-28"/>
      </object_component>
      <object_component id="oc-b9">
         <name>.debug_line</name>
         <load_address>0x1652</load_address>
         <run_address>0x1652</run_address>
         <size>0x40</size>
         <input_file_ref idref="fl-29"/>
      </object_component>
      <object_component id="oc-bd">
         <name>.debug_line</name>
         <load_address>0x1692</load_address>
         <run_address>0x1692</run_address>
         <size>0x3a</size>
         <input_file_ref idref="fl-2a"/>
      </object_component>
      <object_component id="oc-c1">
         <name>.debug_line</name>
         <load_address>0x16cc</load_address>
         <run_address>0x16cc</run_address>
         <size>0x54</size>
         <input_file_ref idref="fl-2b"/>
      </object_component>
      <object_component id="oc-c5">
         <name>.debug_line</name>
         <load_address>0x1720</load_address>
         <run_address>0x1720</run_address>
         <size>0x3c</size>
         <input_file_ref idref="fl-2c"/>
      </object_component>
      <object_component id="oc-c9">
         <name>.debug_line</name>
         <load_address>0x175c</load_address>
         <run_address>0x175c</run_address>
         <size>0x37</size>
         <input_file_ref idref="fl-2d"/>
      </object_component>
      <object_component id="oc-cd">
         <name>.debug_line</name>
         <load_address>0x1793</load_address>
         <run_address>0x1793</run_address>
         <size>0x3c</size>
         <input_file_ref idref="fl-2e"/>
      </object_component>
      <object_component id="oc-d1">
         <name>.debug_line</name>
         <load_address>0x17cf</load_address>
         <run_address>0x17cf</run_address>
         <size>0x44</size>
         <input_file_ref idref="fl-2f"/>
      </object_component>
      <object_component id="oc-d5">
         <name>.debug_line</name>
         <load_address>0x1813</load_address>
         <run_address>0x1813</run_address>
         <size>0x37</size>
         <input_file_ref idref="fl-30"/>
      </object_component>
      <object_component id="oc-da">
         <name>.debug_line</name>
         <load_address>0x184a</load_address>
         <run_address>0x184a</run_address>
         <size>0x15e</size>
         <input_file_ref idref="fl-31"/>
      </object_component>
      <object_component id="oc-e0">
         <name>.debug_line</name>
         <load_address>0x19a8</load_address>
         <run_address>0x19a8</run_address>
         <size>0x6a</size>
         <input_file_ref idref="fl-32"/>
      </object_component>
      <object_component id="oc-e4">
         <name>.debug_line</name>
         <load_address>0x1a12</load_address>
         <run_address>0x1a12</run_address>
         <size>0x58</size>
         <input_file_ref idref="fl-33"/>
      </object_component>
      <object_component id="oc-e8">
         <name>.debug_line</name>
         <load_address>0x1a6a</load_address>
         <run_address>0x1a6a</run_address>
         <size>0x57</size>
         <input_file_ref idref="fl-34"/>
      </object_component>
      <object_component id="oc-ec">
         <name>.debug_line</name>
         <load_address>0x1ac1</load_address>
         <run_address>0x1ac1</run_address>
         <size>0x5c</size>
         <input_file_ref idref="fl-35"/>
      </object_component>
      <object_component id="oc-f0">
         <name>.debug_line</name>
         <load_address>0x1b1d</load_address>
         <run_address>0x1b1d</run_address>
         <size>0x3c</size>
         <input_file_ref idref="fl-36"/>
      </object_component>
      <object_component id="oc-f4">
         <name>.debug_line</name>
         <load_address>0x1b59</load_address>
         <run_address>0x1b59</run_address>
         <size>0x5b</size>
         <input_file_ref idref="fl-37"/>
      </object_component>
      <object_component id="oc-f8">
         <name>.debug_line</name>
         <load_address>0x1bb4</load_address>
         <run_address>0x1bb4</run_address>
         <size>0x3a</size>
         <input_file_ref idref="fl-38"/>
      </object_component>
      <object_component id="oc-fc">
         <name>.debug_line</name>
         <load_address>0x1bee</load_address>
         <run_address>0x1bee</run_address>
         <size>0x3c</size>
         <input_file_ref idref="fl-39"/>
      </object_component>
      <object_component id="oc-100">
         <name>.debug_line</name>
         <load_address>0x1c2a</load_address>
         <run_address>0x1c2a</run_address>
         <size>0x40</size>
         <input_file_ref idref="fl-3a"/>
      </object_component>
      <object_component id="oc-106">
         <name>.debug_line</name>
         <load_address>0x1c6a</load_address>
         <run_address>0x1c6a</run_address>
         <size>0xd7</size>
         <input_file_ref idref="fl-3b"/>
      </object_component>
      <object_component id="oc-10d">
         <name>.debug_line</name>
         <load_address>0x1d41</load_address>
         <run_address>0x1d41</run_address>
         <size>0x112</size>
         <input_file_ref idref="fl-3c"/>
      </object_component>
      <object_component id="oc-111">
         <name>.debug_line</name>
         <load_address>0x1e53</load_address>
         <run_address>0x1e53</run_address>
         <size>0x3d</size>
         <input_file_ref idref="fl-3d"/>
      </object_component>
      <object_component id="oc-115">
         <name>.debug_line</name>
         <load_address>0x1e90</load_address>
         <run_address>0x1e90</run_address>
         <size>0x39</size>
         <input_file_ref idref="fl-3e"/>
      </object_component>
      <object_component id="oc-19">
         <name>.debug_abbrev</name>
         <load_address>0x0</load_address>
         <run_address>0x0</run_address>
         <size>0x14c</size>
         <input_file_ref idref="fl-2"/>
      </object_component>
      <object_component id="oc-1f">
         <name>.debug_abbrev</name>
         <load_address>0x14c</load_address>
         <run_address>0x14c</run_address>
         <size>0x147</size>
         <input_file_ref idref="fl-3"/>
      </object_component>
      <object_component id="oc-25">
         <name>.debug_abbrev</name>
         <load_address>0x293</load_address>
         <run_address>0x293</run_address>
         <size>0xfd</size>
         <input_file_ref idref="fl-4"/>
      </object_component>
      <object_component id="oc-2d">
         <name>.debug_abbrev</name>
         <load_address>0x390</load_address>
         <run_address>0x390</run_address>
         <size>0xf9</size>
         <input_file_ref idref="fl-5"/>
      </object_component>
      <object_component id="oc-32">
         <name>.debug_abbrev</name>
         <load_address>0x489</load_address>
         <run_address>0x489</run_address>
         <size>0x87</size>
         <input_file_ref idref="fl-6"/>
      </object_component>
      <object_component id="oc-37">
         <name>.debug_abbrev</name>
         <load_address>0x510</load_address>
         <run_address>0x510</run_address>
         <size>0xe7</size>
         <input_file_ref idref="fl-7"/>
      </object_component>
      <object_component id="oc-3c">
         <name>.debug_abbrev</name>
         <load_address>0x5f7</load_address>
         <run_address>0x5f7</run_address>
         <size>0x87</size>
         <input_file_ref idref="fl-8"/>
      </object_component>
      <object_component id="oc-43">
         <name>.debug_abbrev</name>
         <load_address>0x67e</load_address>
         <run_address>0x67e</run_address>
         <size>0xd0</size>
         <input_file_ref idref="fl-9"/>
      </object_component>
      <object_component id="oc-48">
         <name>.debug_abbrev</name>
         <load_address>0x74e</load_address>
         <run_address>0x74e</run_address>
         <size>0x95</size>
         <input_file_ref idref="fl-a"/>
      </object_component>
      <object_component id="oc-4d">
         <name>.debug_abbrev</name>
         <load_address>0x7e3</load_address>
         <run_address>0x7e3</run_address>
         <size>0x23e</size>
         <input_file_ref idref="fl-10"/>
      </object_component>
      <object_component id="oc-51">
         <name>.debug_abbrev</name>
         <load_address>0xa21</load_address>
         <run_address>0xa21</run_address>
         <size>0x3a</size>
         <input_file_ref idref="fl-11"/>
      </object_component>
      <object_component id="oc-58">
         <name>.debug_abbrev</name>
         <load_address>0xa5b</load_address>
         <run_address>0xa5b</run_address>
         <size>0xf7</size>
         <input_file_ref idref="fl-12"/>
      </object_component>
      <object_component id="oc-5c">
         <name>.debug_abbrev</name>
         <load_address>0xb52</load_address>
         <run_address>0xb52</run_address>
         <size>0x145</size>
         <input_file_ref idref="fl-13"/>
      </object_component>
      <object_component id="oc-60">
         <name>.debug_abbrev</name>
         <load_address>0xc97</load_address>
         <run_address>0xc97</run_address>
         <size>0x26</size>
         <input_file_ref idref="fl-14"/>
      </object_component>
      <object_component id="oc-66">
         <name>.debug_abbrev</name>
         <load_address>0xcbd</load_address>
         <run_address>0xcbd</run_address>
         <size>0x9f</size>
         <input_file_ref idref="fl-15"/>
      </object_component>
      <object_component id="oc-6c">
         <name>.debug_abbrev</name>
         <load_address>0xd5c</load_address>
         <run_address>0xd5c</run_address>
         <size>0x1f8</size>
         <input_file_ref idref="fl-16"/>
      </object_component>
      <object_component id="oc-70">
         <name>.debug_abbrev</name>
         <load_address>0xf54</load_address>
         <run_address>0xf54</run_address>
         <size>0xec</size>
         <input_file_ref idref="fl-17"/>
      </object_component>
      <object_component id="oc-74">
         <name>.debug_abbrev</name>
         <load_address>0x1040</load_address>
         <run_address>0x1040</run_address>
         <size>0xd5</size>
         <input_file_ref idref="fl-18"/>
      </object_component>
      <object_component id="oc-78">
         <name>.debug_abbrev</name>
         <load_address>0x1115</load_address>
         <run_address>0x1115</run_address>
         <size>0x44</size>
         <input_file_ref idref="fl-19"/>
      </object_component>
      <object_component id="oc-7c">
         <name>.debug_abbrev</name>
         <load_address>0x1159</load_address>
         <run_address>0x1159</run_address>
         <size>0xb7</size>
         <input_file_ref idref="fl-1a"/>
      </object_component>
      <object_component id="oc-7e">
         <name>.debug_abbrev</name>
         <load_address>0x1210</load_address>
         <run_address>0x1210</run_address>
         <size>0x68</size>
         <input_file_ref idref="fl-1b"/>
      </object_component>
      <object_component id="oc-82">
         <name>.debug_abbrev</name>
         <load_address>0x1278</load_address>
         <run_address>0x1278</run_address>
         <size>0x83</size>
         <input_file_ref idref="fl-1c"/>
      </object_component>
      <object_component id="oc-86">
         <name>.debug_abbrev</name>
         <load_address>0x12fb</load_address>
         <run_address>0x12fb</run_address>
         <size>0x112</size>
         <input_file_ref idref="fl-1d"/>
      </object_component>
      <object_component id="oc-8a">
         <name>.debug_abbrev</name>
         <load_address>0x140d</load_address>
         <run_address>0x140d</run_address>
         <size>0xb5</size>
         <input_file_ref idref="fl-1e"/>
      </object_component>
      <object_component id="oc-8e">
         <name>.debug_abbrev</name>
         <load_address>0x14c2</load_address>
         <run_address>0x14c2</run_address>
         <size>0x8f</size>
         <input_file_ref idref="fl-1f"/>
      </object_component>
      <object_component id="oc-92">
         <name>.debug_abbrev</name>
         <load_address>0x1551</load_address>
         <run_address>0x1551</run_address>
         <size>0xb7</size>
         <input_file_ref idref="fl-20"/>
      </object_component>
      <object_component id="oc-97">
         <name>.debug_abbrev</name>
         <load_address>0x1608</load_address>
         <run_address>0x1608</run_address>
         <size>0xc2</size>
         <input_file_ref idref="fl-21"/>
      </object_component>
      <object_component id="oc-9b">
         <name>.debug_abbrev</name>
         <load_address>0x16ca</load_address>
         <run_address>0x16ca</run_address>
         <size>0x103</size>
         <input_file_ref idref="fl-22"/>
      </object_component>
      <object_component id="oc-a0">
         <name>.debug_abbrev</name>
         <load_address>0x17cd</load_address>
         <run_address>0x17cd</run_address>
         <size>0x140</size>
         <input_file_ref idref="fl-23"/>
      </object_component>
      <object_component id="oc-a4">
         <name>.debug_abbrev</name>
         <load_address>0x190d</load_address>
         <run_address>0x190d</run_address>
         <size>0x9a</size>
         <input_file_ref idref="fl-24"/>
      </object_component>
      <object_component id="oc-a8">
         <name>.debug_abbrev</name>
         <load_address>0x19a7</load_address>
         <run_address>0x19a7</run_address>
         <size>0xd0</size>
         <input_file_ref idref="fl-25"/>
      </object_component>
      <object_component id="oc-ac">
         <name>.debug_abbrev</name>
         <load_address>0x1a77</load_address>
         <run_address>0x1a77</run_address>
         <size>0xb7</size>
         <input_file_ref idref="fl-26"/>
      </object_component>
      <object_component id="oc-b0">
         <name>.debug_abbrev</name>
         <load_address>0x1b2e</load_address>
         <run_address>0x1b2e</run_address>
         <size>0x38</size>
         <input_file_ref idref="fl-27"/>
      </object_component>
      <object_component id="oc-b6">
         <name>.debug_abbrev</name>
         <load_address>0x1b66</load_address>
         <run_address>0x1b66</run_address>
         <size>0x225</size>
         <input_file_ref idref="fl-28"/>
      </object_component>
      <object_component id="oc-ba">
         <name>.debug_abbrev</name>
         <load_address>0x1d8b</load_address>
         <run_address>0x1d8b</run_address>
         <size>0xec</size>
         <input_file_ref idref="fl-29"/>
      </object_component>
      <object_component id="oc-be">
         <name>.debug_abbrev</name>
         <load_address>0x1e77</load_address>
         <run_address>0x1e77</run_address>
         <size>0xb7</size>
         <input_file_ref idref="fl-2a"/>
      </object_component>
      <object_component id="oc-c2">
         <name>.debug_abbrev</name>
         <load_address>0x1f2e</load_address>
         <run_address>0x1f2e</run_address>
         <size>0x38</size>
         <input_file_ref idref="fl-2b"/>
      </object_component>
      <object_component id="oc-c6">
         <name>.debug_abbrev</name>
         <load_address>0x1f66</load_address>
         <run_address>0x1f66</run_address>
         <size>0xdc</size>
         <input_file_ref idref="fl-2c"/>
      </object_component>
      <object_component id="oc-ca">
         <name>.debug_abbrev</name>
         <load_address>0x2042</load_address>
         <run_address>0x2042</run_address>
         <size>0x81</size>
         <input_file_ref idref="fl-2d"/>
      </object_component>
      <object_component id="oc-ce">
         <name>.debug_abbrev</name>
         <load_address>0x20c3</load_address>
         <run_address>0x20c3</run_address>
         <size>0xa6</size>
         <input_file_ref idref="fl-2e"/>
      </object_component>
      <object_component id="oc-d2">
         <name>.debug_abbrev</name>
         <load_address>0x2169</load_address>
         <run_address>0x2169</run_address>
         <size>0xb5</size>
         <input_file_ref idref="fl-2f"/>
      </object_component>
      <object_component id="oc-d6">
         <name>.debug_abbrev</name>
         <load_address>0x221e</load_address>
         <run_address>0x221e</run_address>
         <size>0x8f</size>
         <input_file_ref idref="fl-30"/>
      </object_component>
      <object_component id="oc-db">
         <name>.debug_abbrev</name>
         <load_address>0x22ad</load_address>
         <run_address>0x22ad</run_address>
         <size>0x15a</size>
         <input_file_ref idref="fl-31"/>
      </object_component>
      <object_component id="oc-e1">
         <name>.debug_abbrev</name>
         <load_address>0x2407</load_address>
         <run_address>0x2407</run_address>
         <size>0xde</size>
         <input_file_ref idref="fl-32"/>
      </object_component>
      <object_component id="oc-e5">
         <name>.debug_abbrev</name>
         <load_address>0x24e5</load_address>
         <run_address>0x24e5</run_address>
         <size>0x38</size>
         <input_file_ref idref="fl-33"/>
      </object_component>
      <object_component id="oc-e9">
         <name>.debug_abbrev</name>
         <load_address>0x251d</load_address>
         <run_address>0x251d</run_address>
         <size>0xd1</size>
         <input_file_ref idref="fl-34"/>
      </object_component>
      <object_component id="oc-ed">
         <name>.debug_abbrev</name>
         <load_address>0x25ee</load_address>
         <run_address>0x25ee</run_address>
         <size>0xd4</size>
         <input_file_ref idref="fl-35"/>
      </object_component>
      <object_component id="oc-f1">
         <name>.debug_abbrev</name>
         <load_address>0x26c2</load_address>
         <run_address>0x26c2</run_address>
         <size>0xa6</size>
         <input_file_ref idref="fl-36"/>
      </object_component>
      <object_component id="oc-f5">
         <name>.debug_abbrev</name>
         <load_address>0x2768</load_address>
         <run_address>0x2768</run_address>
         <size>0x136</size>
         <input_file_ref idref="fl-37"/>
      </object_component>
      <object_component id="oc-f9">
         <name>.debug_abbrev</name>
         <load_address>0x289e</load_address>
         <run_address>0x289e</run_address>
         <size>0x81</size>
         <input_file_ref idref="fl-38"/>
      </object_component>
      <object_component id="oc-fd">
         <name>.debug_abbrev</name>
         <load_address>0x291f</load_address>
         <run_address>0x291f</run_address>
         <size>0xd1</size>
         <input_file_ref idref="fl-39"/>
      </object_component>
      <object_component id="oc-101">
         <name>.debug_abbrev</name>
         <load_address>0x29f0</load_address>
         <run_address>0x29f0</run_address>
         <size>0x10b</size>
         <input_file_ref idref="fl-3a"/>
      </object_component>
      <object_component id="oc-107">
         <name>.debug_abbrev</name>
         <load_address>0x2afb</load_address>
         <run_address>0x2afb</run_address>
         <size>0x1a2</size>
         <input_file_ref idref="fl-3b"/>
      </object_component>
      <object_component id="oc-10e">
         <name>.debug_abbrev</name>
         <load_address>0x2c9d</load_address>
         <run_address>0x2c9d</run_address>
         <size>0x1de</size>
         <input_file_ref idref="fl-3c"/>
      </object_component>
      <object_component id="oc-112">
         <name>.debug_abbrev</name>
         <load_address>0x2e7b</load_address>
         <run_address>0x2e7b</run_address>
         <size>0x118</size>
         <input_file_ref idref="fl-3d"/>
[...]
         <object_component_ref idref="oc-2e"/>
      </symbol>
      <symbol id="sm-f6">
         <name>_USBSTK5505_waitusec</name>
         <value>0x24d02</value>
         <object_component_ref idref="oc-33"/>
      </symbol>
      <symbol id="sm-f7">
         <name>_USBSTK5505_wait</name>
         <value>0x24cce</value>
         <object_component_ref idref="oc-33"/>
      </symbol>
      <symbol id="sm-f8">
         <name>_USBSTK5505_init</name>
         <value>0x24d14</value>
         <object_component_ref idref="oc-33"/>
      </symbol>
      <symbol id="sm-10c">
         <name>_USBSTK5505_GPIO_setOutput</name>
         <value>0x23eb7</value>
         <object_component_ref idref="oc-38"/>
      </symbol>
      <symbol id="sm-10d">
         <name>_USBSTK5505_GPIO_init</name>
         <value>0x23e28</value>
         <object_component_ref idref="oc-38"/>
      </symbol>
      <symbol id="sm-10e">
         <name>_USBSTK5505_GPIO_setDirection</name>
         <value>0x23e2c</value>
         <object_component_ref idref="oc-38"/>
      </symbol>
      <symbol id="sm-10f">
         <name>_USBSTK5505_GPIO_getInput</name>
         <value>0x23f34</value>
         <object_component_ref idref="oc-38"/>
      </symbol>
      <symbol id="sm-138">
         <name>_USBSTK5505_I2C_reset</name>
         <value>0x240ff</value>
         <object_component_ref idref="oc-3d"/>
      </symbol>
      <symbol id="sm-139">
         <name>_USBSTK5505_I2C_read</name>
         <value>0x24188</value>
         <object_component_ref idref="oc-3d"/>
      </symbol>
      <symbol id="sm-13a">
         <name>_USBSTK5505_I2C_close</name>
         <value>0x240f6</value>
         <object_component_ref idref="oc-3d"/>
      </symbol>
      <symbol id="sm-13b">
         <name>_USBSTK5505_I2C_write</name>
         <value>0x2410d</value>
         <object_component_ref idref="oc-3d"/>
      </symbol>
      <symbol id="sm-13c">
         <name>_USBSTK5505_I2C_init</name>
         <value>0x240d7</value>
         <object_component_ref idref="oc-3d"/>
      </symbol>
      <symbol id="sm-146">
         <name>_USBSTK5505_LED_off</name>
         <value>0x24f27</value>
         <object_component_ref idref="oc-44"/>
      </symbol>
      <symbol id="sm-147">
         <name>_USBSTK5505_LED_on</name>
         <value>0x24f16</value>
         <object_component_ref idref="oc-44"/>
      </symbol>
      <symbol id="sm-148">
         <name>_USBSTK5505_LED_init</name>
         <value>0x24f0b</value>
         <object_component_ref idref="oc-44"/>
      </symbol>
      <symbol id="sm-16d">
         <name>_PLL_reset</name>
         <value>0x23338</value>
         <object_component_ref idref="oc-49"/>
      </symbol>
      <symbol id="sm-16e">
         <name>_PLL_bypass</name>
         <value>0x232e9</value>
         <object_component_ref idref="oc-49"/>
      </symbol>
      <symbol id="sm-16f">
         <name>_PLL_enable</name>
         <value>0x23282</value>
         <object_component_ref idref="oc-49"/>
      </symbol>
      <symbol id="sm-170">
         <name>_PLL_config</name>
         <value>0x23159</value>
         <object_component_ref idref="oc-49"/>
      </symbol>
      <symbol id="sm-171">
         <name>_PLL_init</name>
         <value>0x23121</value>
         <object_component_ref idref="oc-49"/>
      </symbol>
      <symbol id="sm-17d">
         <name>__sysstack</name>
         <value>0x20c0</value>
         <object_component_ref idref="oc-117"/>
      </symbol>
      <symbol id="sm-17e">
         <name>_c_int00</name>
         <value>0x24ed7</value>
         <object_component_ref idref="oc-10"/>
      </symbol>
      <symbol id="sm-17f">
         <name>__stack</name>
         <value>0xc0</value>
         <object_component_ref idref="oc-4e"/>
      </symbol>
      <symbol id="sm-18f">
         <name>C$$EXIT</name>
         <value>0x25038</value>
         <object_component_ref idref="oc-56"/>
      </symbol>
      <symbol id="sm-190">
         <name>_exit</name>
         <value>0x24e99</value>
         <object_component_ref idref="oc-52"/>
      </symbol>
      <symbol id="sm-191">
         <name>_abort</name>
         <value>0x25037</value>
         <object_component_ref idref="oc-56"/>
      </symbol>
      <symbol id="sm-192">
         <name>__cleanup_ptr</name>
         <value>0x60ac</value>
         <object_component_ref idref="oc-53"/>
      </symbol>
      <symbol id="sm-193">
         <name>__dtors_ptr</name>
         <value>0x60b0</value>
         <object_component_ref idref="oc-53"/>
      </symbol>
      <symbol id="sm-19d">
         <name>_printf</name>
         <value>0x24d22</value>
         <object_component_ref idref="oc-59"/>
      </symbol>
      <symbol id="sm-1a7">
         <name>_Reset</name>
         <value>0x4fe00</value>
         <object_component_ref idref="oc-11"/>
      </symbol>
      <symbol id="sm-1b5">
         <name>__unlock</name>
         <value>0x60a8</value>
         <object_component_ref idref="oc-62"/>
      </symbol>
      <symbol id="sm-1b6">
         <name>__lock</name>
         <value>0x60a4</value>
         <object_component_ref idref="oc-62"/>
      </symbol>
      <symbol id="sm-1b7">
         <name>__register_lock</name>
         <value>0x25013</value>
         <object_component_ref idref="oc-61"/>
      </symbol>
      <symbol id="sm-1b8">
         <name>__nop</name>
         <value>0x2501b</value>
         <object_component_ref idref="oc-61"/>
      </symbol>
      <symbol id="sm-1b9">
         <name>__register_unlock</name>
         <value>0x2500b</value>
         <object_component_ref idref="oc-61"/>
      </symbol>
      <symbol id="sm-1cb">
         <name>__printfi</name>
         <value>0x21315</value>
         <object_component_ref idref="oc-67"/>
      </symbol>
      <symbol id="sm-1d5">
         <name>__args_main</name>
         <value>0x24e08</value>
         <object_component_ref idref="oc-6d"/>
      </symbol>
      <symbol id="sm-1d6">
         <name>__TI_args_main</name>
         <value>0x1</value>
      </symbol>
      <symbol id="sm-1e0">
         <name>_atoi</name>
         <value>0x24c1f</value>
         <object_component_ref idref="oc-71"/>
      </symbol>
      <symbol id="sm-1e8">
         <name>_auto_init</name>
         <value>0x24d70</value>
         <object_component_ref idref="oc-75"/>
      </symbol>
      <symbol id="sm-1f2">
         <name>__eqld</name>
         <value>0x23c21</value>
         <object_component_ref idref="oc-79"/>
      </symbol>
      <symbol id="sm-1f3">
         <name>__cmpd</name>
         <value>0x23c55</value>
         <object_component_ref idref="oc-79"/>
      </symbol>
      <symbol id="sm-1f4">
         <name>__neqd</name>
         <value>0x23ac3</value>
         <object_component_ref idref="oc-79"/>
      </symbol>
      <symbol id="sm-1f5">
         <name>__gtrd</name>
         <value>0x23b8c</value>
         <object_component_ref idref="oc-79"/>
      </symbol>
      <symbol id="sm-1f6">
         <name>__geqd</name>
         <value>0x23bd7</value>
         <object_component_ref idref="oc-79"/>
      </symbol>
      <symbol id="sm-1f7">
         <name>__leqd</name>
         <value>0x23b3f</value>
         <object_component_ref idref="oc-79"/>
      </symbol>
      <symbol id="sm-1f8">
         <name>__lssd</name>
         <value>0x23af7</value>
         <object_component_ref idref="oc-79"/>
      </symbol>
      <symbol id="sm-200">
         <name>__ctypes_</name>
         <value>0x5814</value>
         <object_component_ref idref="oc-118"/>
      </symbol>
      <symbol id="sm-20a">
         <name>__tmpnams</name>
         <value>0x5c50</value>
         <object_component_ref idref="oc-7f"/>
      </symbol>
      <symbol id="sm-20b">
         <name>__ft_end</name>
         <value>0x5d90</value>
         <object_component_ref idref="oc-7f"/>
      </symbol>
      <symbol id="sm-20c">
         <name>__ftable</name>
         <value>0x5b60</value>
         <object_component_ref idref="oc-7f"/>
      </symbol>
      <symbol id="sm-218">
         <name>__divd</name>
         <value>0x229f0</value>
         <object_component_ref idref="oc-83"/>
      </symbol>
      <symbol id="sm-223">
         <name>__divul</name>
         <value>0x246fb</value>
         <object_component_ref idref="oc-87"/>
      </symbol>
      <symbol id="sm-22d">
         <name>__fixdi</name>
         <value>0x24f38</value>
         <object_component_ref idref="oc-8b"/>
      </symbol>
      <symbol id="sm-237">
         <name>__fixdli</name>
         <value>0x24a77</value>
         <object_component_ref idref="oc-8f"/>
      </symbol>
      <symbol id="sm-243">
         <name>__fltlid</name>
         <value>0x24bb8</value>
         <object_component_ref idref="oc-93"/>
      </symbol>
      <symbol id="sm-24d">
         <name>_putchar</name>
         <value>0x246ec</value>
         <object_component_ref idref="oc-98"/>
      </symbol>
      <symbol id="sm-24e">
         <name>_putc</name>
         <value>0x24659</value>
         <object_component_ref idref="oc-98"/>
      </symbol>
      <symbol id="sm-24f">
         <name>_fputc</name>
         <value>0x24659</value>
         <object_component_ref idref="oc-98"/>
      </symbol>
      <symbol id="sm-25b">
         <name>_puts</name>
         <value>0x23dfc</value>
         <object_component_ref idref="oc-9c"/>
      </symbol>
      <symbol id="sm-25c">
         <name>_fputs</name>
         <value>0x23cad</value>
         <object_component_ref idref="oc-9c"/>
      </symbol>
      <symbol id="sm-266">
         <name>__frcmpyd_div</name>
         <value>0x24994</value>
         <object_component_ref idref="oc-a1"/>
      </symbol>
      <symbol id="sm-270">
         <name>___isinf</name>
         <value>0x24fca</value>
         <object_component_ref idref="oc-a5"/>
      </symbol>
      <symbol id="sm-27a">
         <name>__divull</name>
         <value>0x23744</value>
         <object_component_ref idref="oc-a9"/>
      </symbol>
      <symbol id="sm-27b">
         <name>__mpylli</name>
         <value>0x2368d</value>
         <object_component_ref idref="oc-a9"/>
      </symbol>
      <symbol id="sm-27c">
         <name>__remlli</name>
         <value>0x2365e</value>
         <object_component_ref idref="oc-a9"/>
      </symbol>
      <symbol id="sm-27d">
         <name>__divlli</name>
         <value>0x23838</value>
         <object_component_ref idref="oc-a9"/>
      </symbol>
      <symbol id="sm-27e">
         <name>__remull</name>
         <value>0x23610</value>
         <object_component_ref idref="oc-a9"/>
      </symbol>
      <symbol id="sm-286">
         <name>__mpyli</name>
         <value>0x24ff8</value>
         <object_component_ref idref="oc-ad"/>
      </symbol>
      <symbol id="sm-287">
         <name>I$$LMPY</name>
         <value>0x24ff8</value>
         <object_component_ref idref="oc-ad"/>
      </symbol>
      <symbol id="sm-298">
         <name>_add_device</name>
         <value>0x22908</value>
         <object_component_ref idref="oc-b1"/>
      </symbol>
      <symbol id="sm-299">
         <name>_rename</name>
         <value>0x22639</value>
         <object_component_ref idref="oc-b1"/>
      </symbol>
      <symbol id="sm-29a">
         <name>_read</name>
         <value>0x226c4</value>
         <object_component_ref idref="oc-b1"/>
      </symbol>
      <symbol id="sm-29b">
         <name>_unlink</name>
         <value>0x22605</value>
         <object_component_ref idref="oc-b1"/>
      </symbol>
      <symbol id="sm-29c">
         <name>_remove_device</name>
         <value>0x22690</value>
         <object_component_ref idref="oc-b1"/>
      </symbol>
      <symbol id="sm-29d">
         <name>_open</name>
         <value>0x2276e</value>
         <object_component_ref idref="oc-b1"/>
      </symbol>
      <symbol id="sm-29e">
         <name>_find_registered_device</name>
         <value>0x2288f</value>
         <object_component_ref idref="oc-b1"/>
      </symbol>
      <symbol id="sm-29f">
         <name>_lseek</name>
         <value>0x2282b</value>
         <object_component_ref idref="oc-b1"/>
      </symbol>
      <symbol id="sm-2a0">
         <name>_close</name>
         <value>0x22898</value>
         <object_component_ref idref="oc-b1"/>
      </symbol>
      <symbol id="sm-2a1">
         <name>_write</name>
         <value>0x224d8</value>
         <object_component_ref idref="oc-b1"/>
      </symbol>
      <symbol id="sm-2ab">
         <name>_ltoa</name>
         <value>0x2482f</value>
         <object_component_ref idref="oc-b7"/>
      </symbol>
      <symbol id="sm-2b6">
         <name>_memccpy</name>
         <value>0x24f8c</value>
         <object_component_ref idref="oc-bb"/>
      </symbol>
      <symbol id="sm-2c0">
         <name>_memcpy</name>
         <value>0x24c78</value>
         <object_component_ref idref="oc-bf"/>
      </symbol>
      <symbol id="sm-2ca">
         <name>__mpyd</name>
         <value>0x23f8c</value>
         <object_component_ref idref="oc-c3"/>
      </symbol>
      <symbol id="sm-2d4">
         <name>__negd</name>
         <value>0x2501d</value>
         <object_component_ref idref="oc-c7"/>
      </symbol>
      <symbol id="sm-2de">
         <name>__remli</name>
         <value>0x24dbd</value>
         <object_component_ref idref="oc-cb"/>
      </symbol>
      <symbol id="sm-2e9">
         <name>__remul</name>
         <value>0x24a07</value>
         <object_component_ref idref="oc-cf"/>
      </symbol>
      <symbol id="sm-2f3">
         <name>__subd</name>
         <value>0x24fe4</value>
         <object_component_ref idref="oc-d3"/>
      </symbol>
      <symbol id="sm-2ff">
         <name>_HOSTopen</name>
         <value>0x21d86</value>
         <object_component_ref idref="oc-d7"/>
      </symbol>
      <symbol id="sm-300">
         <name>_HOSTread</name>
         <value>0x21cfb</value>
         <object_component_ref idref="oc-d7"/>
      </symbol>
      <symbol id="sm-301">
         <name>_HOSTtime</name>
         <value>0x21be4</value>
         <object_component_ref idref="oc-d7"/>
      </symbol>
      <symbol id="sm-302">
         <name>_getenv</name>
         <value>0x21a6d</value>
         <object_component_ref idref="oc-d7"/>
      </symbol>
      <symbol id="sm-303">
         <name>_HOSTrename</name>
         <value>0x21c42</value>
         <object_component_ref idref="oc-d7"/>
      </symbol>
      <symbol id="sm-304">
         <name>_HOSTclock</name>
         <value>0x21f47</value>
         <object_component_ref idref="oc-d7"/>
      </symbol>
      <symbol id="sm-305">
         <name>_HOSTwrite</name>
         <value>0x21aed</value>
         <object_component_ref idref="oc-d7"/>
      </symbol>
      <symbol id="sm-306">
         <name>_HOSTlseek</name>
         <value>0x21e27</value>
         <object_component_ref idref="oc-d7"/>
      </symbol>
      <symbol id="sm-307">
         <name>_HOSTunlink</name>
         <value>0x21b78</value>
         <object_component_ref idref="oc-d7"/>
      </symbol>
      <symbol id="sm-308">
         <name>_HOSTclose</name>
         <value>0x21edc</value>
         <object_component_ref idref="oc-d7"/>
      </symbol>
      <symbol id="sm-31a">
         <name>C$$IO$$</name>
         <value>0x2459a</value>
         <object_component_ref idref="oc-df"/>
      </symbol>
      <symbol id="sm-31b">
         <name>__CIOBUF_</name>
         <value>0x40000</value>
         <object_component_ref idref="oc-de"/>
      </symbol>
      <symbol id="sm-31c">
         <name>_readmsg</name>
         <value>0x24ae5</value>
         <object_component_ref idref="oc-dc"/>
      </symbol>
      <symbol id="sm-31d">
         <name>_writemsg</name>
         <value>0x244e1</value>
         <object_component_ref idref="oc-df"/>
      </symbol>
      <symbol id="sm-325">
         <name>__remu</name>
         <value>0x24f77</value>
         <object_component_ref idref="oc-e2"/>
      </symbol>
      <symbol id="sm-326">
         <name>__divu</name>
         <value>0x24f62</value>
         <object_component_ref idref="oc-e2"/>
      </symbol>
      <symbol id="sm-327">
         <name>I$$UMOD</name>
         <value>0x24f77</value>
         <object_component_ref idref="oc-e2"/>
      </symbol>
      <symbol id="sm-328">
         <name>I$$UDIV</name>
         <value>0x24f62</value>
         <object_component_ref idref="oc-e2"/>
      </symbol>
      <symbol id="sm-332">
         <name>__rd_ok</name>
         <value>0x24484</value>
         <object_component_ref idref="oc-e6"/>
      </symbol>
      <symbol id="sm-333">
         <name>__wrt_ok</name>
         <value>0x24407</value>
         <object_component_ref idref="oc-e6"/>
      </symbol>
      <symbol id="sm-33d">
         <name>__addd</name>
         <value>0x2386c</value>
         <object_component_ref idref="oc-ea"/>
      </symbol>
      <symbol id="sm-347">
         <name>__divli</name>
         <value>0x24e51</value>
         <object_component_ref idref="oc-ee"/>
      </symbol>
      <symbol id="sm-351">
         <name>__doflush</name>
         <value>0x2459f</value>
         <object_component_ref idref="oc-f2"/>
      </symbol>
      <symbol id="sm-352">
         <name>_fflush</name>
         <value>0x24601</value>
         <object_component_ref idref="oc-f2"/>
      </symbol>
      <symbol id="sm-35c">
         <name>__frcmpyd</name>
         <value>0x2491e</value>
         <object_component_ref idref="oc-f6"/>
      </symbol>
      <symbol id="sm-366">
         <name>_fseek</name>
         <value>0x24b50</value>
         <object_component_ref idref="oc-fa"/>
      </symbol>
      <symbol id="sm-370">
         <name>_setvbuf</name>
         <value>0x24314</value>
         <object_component_ref idref="oc-fe"/>
      </symbol>
      <symbol id="sm-37f">
         <name>__cleanup</name>
         <value>0x234b9</value>
         <object_component_ref idref="oc-102"/>
      </symbol>
      <symbol id="sm-380">
         <name>_fopen</name>
         <value>0x235d7</value>
         <object_component_ref idref="oc-102"/>
      </symbol>
      <symbol id="sm-381">
         <name>_freopen</name>
         <value>0x23511</value>
         <object_component_ref idref="oc-102"/>
      </symbol>
      <symbol id="sm-391">
         <name>__sys_memory</name>
         <value>0x30c0</value>
         <object_component_ref idref="oc-10c"/>
      </symbol>
      <symbol id="sm-392">
         <name>_chkheap</name>
         <value>0x22484</value>
         <object_component_ref idref="oc-108"/>
      </symbol>
      <symbol id="sm-393">
         <name>_realloc</name>
         <value>0x221ea</value>
         <object_component_ref idref="oc-108"/>
      </symbol>
      <symbol id="sm-394">
         <name>_free_memory</name>
         <value>0x2241d</value>
         <object_component_ref idref="oc-108"/>
      </symbol>
      <symbol id="sm-395">
         <name>_max_free</name>
         <value>0x223b3</value>
         <object_component_ref idref="oc-108"/>
      </symbol>
      <symbol id="sm-396">
         <name>_free</name>
         <value>0x21fa5</value>
         <object_component_ref idref="oc-108"/>
      </symbol>
      <symbol id="sm-397">
         <name>_calloc</name>
         <value>0x2248c</value>
         <object_component_ref idref="oc-108"/>
      </symbol>
      <symbol id="sm-398">
         <name>_malloc</name>
         <value>0x220e9</value>
         <object_component_ref idref="oc-108"/>
      </symbol>
      <symbol id="sm-399">
         <name>_minit</name>
         <value>0x22077</value>
         <object_component_ref idref="oc-108"/>
      </symbol>
      <symbol id="sm-3a3">
         <name>_fclose</name>
         <value>0x248a8</value>
         <object_component_ref idref="oc-10f"/>
      </symbol>
      <symbol id="sm-3ad">
         <name>_remove</name>
         <value>0x2502d</value>
         <object_component_ref idref="oc-113"/>
      </symbol>
   </symbol_table>
</link_info>
