******************************************************************************
              TMS320C55x Linker Unix v4.4.1                    
******************************************************************************
>> Linked Fri Mar 20 13:51:31 2020

OUTPUT FILE NAME:   <E4DSA_Case2.out>
ENTRY POINT SYMBOL: "_c_int00"  address: 00024f7e


MEMORY CONFIGURATION

         name            origin    length      used     unused   attr    fill
                        (bytes)   (bytes)    (bytes)   (bytes)
----------------------  --------  ---------  --------  --------  ----  --------
PAGE 0:
  MMR                   00000000   000000c0  00000000  000000c0  RWIX
  DARAM0                000000c0   0000ff40  00005fc8  00009f78  RWIX
  SARAM0                00010000   00010000  00000000  00010000  RWIX
  SARAM1                00020000   00020000  000050e8  0001af18  RWIX
  SARAM2                00040000   0000fe00  000003da  0000fa26  RWIX
  VECS                  0004fe00   00000200  00000100  00000100  RWIX
  PDROM                 00ff8000   00008000  00000000  00008000  R IX

PAGE 2:
  IOPORT                00000000   00020000  00000000  00020000  RWI 


SECTION ALLOCATION MAP
(Addresses surrounded by []'s are displayed for convenience only!)

output                                                          attributes/
section   page  orgn(bytes) orgn(words) len(bytes) len(words)   input sections
--------  ----  ----------- ----------- ---------- ----------   --------------
.pinit       0   [ 00040000 ]  00020000          *   00000000   UNINITIALIZED

.stack       0   [ 000000c0 ]  00000060          *   00001000   UNINITIALIZED
                 [ 000000c0 ]  00000060          *   00001000   --HOLE--

.data        0   [ 000000c0 ]  00000060          *   00000000   UNINITIALIZED

.sysstack 
*            0   [ 000020c0 ]  00001060          *   00000800   UNINITIALIZED
                 [ 000020c0 ]  00001060          *   00000800   --HOLE--

.sysmem      0   [ 000030c0 ]  00001860          *   00001000   UNINITIALIZED
                 [ 000030c0 ]  00001860          *   00001000   --HOLE--

.const.1     0   [ 000050c0 ]  00002860          *   000004ab   
                 [ 000050c0 ]  00002860          *   00000236   PLL.obj (.const:.string)
                 [ 0000552c ]  00002a96          *   00000174   aic3204_init.obj (.const:.string)
                 [ 00005814 ]  00002c0a          *   00000101   rts55h.lib : ctype.obj (.const:__ctypes_)

.const.2     0   [ 00005a18 ]  00002d0c          *   0000008a   
                 [ 00005a18 ]  00002d0c          *   00000048   main.obj (.const:.string)
                 [ 00005aa8 ]  00002d54          *   00000024   rts55h.lib : _printfi.obj (.const:.string)
                 [ 00005af0 ]  00002d78          *   0000000c              : _printfi.obj (.const)
                 [ 00005b08 ]  00002d84          *   00000008              : divd.obj (.const:_initial_approx$1)
                 [ 00005b18 ]  00002d8c          *   00000003   main.obj (.const:_iir_a)
                 [ 00005b1e ]  00002d8f          *   00000003   main.obj (.const:_iir_b)
                 [ 00005b24 ]  00002d92          *   00000002   rts55h.lib : fputs.obj (.const:.string)
                 [ 00005b28 ]  00002d94          *   00000002              : fltlid.obj (.const)

.bss.1       0   [ 00005b2c ]  00002d96          *   000002a5   UNINITIALIZED
                 [ 00005b2c ]  00002d96          *   00000119   rts55h.lib : defs.obj (.bss)
                 [ 00005d5e ]  00002eaf          *   000000d0              : trgdrv.obj (.bss)
                 [ 00005efe ]  00002f7f          *   00000001              : fopen.obj (.bss)
                 [ 00005f00 ]  00002f80          *   00000071              : lowlev.obj (.bss)
                 [ 00005fe2 ]  00002ff1          *   00000001   usbstk5505_i2c.obj (.bss)
                 [ 00005fe4 ]  00002ff2          *   00000036   PLL.obj (.bss)
                 [ 00006050 ]  00003028          *   00000008   main.obj (.bss)
                 [ 00006060 ]  00003030          *   00000007   rts55h.lib : memory.obj (.bss)
                 [ 0000606e ]  00003037          *   00000004   iir_notch.obj (.bss)

.bss.2       0   [ 00006078 ]  0000303c          *   0000000a   UNINITIALIZED
                 [ 00006078 ]  0000303c          *   00000004   rts55h.lib : _lock.obj (.bss)
                 [ 00006080 ]  00003040          *   00000004              : exit.obj (.bss)
                 [ 00006088 ]  00003044          *   00000002   aic3204.obj (.bss)

.text        0     00020000  [ 00010000 ] 000050e8          *   
                   00020000  [ 00010000 ] 00001533          *   rts55h.lib : _printfi.obj (.text)
                   00021533  [ 00010a99+] 00000538          *              : trgdrv.obj (.text)
                   00021a6b  [ 00010d35+] 00000533          *              : memory.obj (.text)
                   00021f9e  [ 00010fcf ] 00000522          *   aic3204_init.obj (.text)
                   000224c0  [ 00011260 ] 00000518          *   rts55h.lib : lowlev.obj (.text)
                   000229d8  [ 000114ec ] 000003c7          *              : divd.obj (.text)
                   00022d9f  [ 000116cf+] 00000340          *   PLL.obj (.text)
                   000230df  [ 0001186f+] 000002ad          *   CSLc55x5h.lib : csl_pll.obj (.text)
                   0002338c  [ 000119c6 ] 0000026c          *   rts55h.lib : fopen.obj (.text)
                   000235f8  [ 00011afc ] 0000025c          *              : llmpy.obj (.text)
                   00023854  [ 00011c2a ] 00000257          *              : addd.obj (.text)
                   00023aab  [ 00011d55+] 000001ea          *              : cmpd.obj (.text)
                   00023c95  [ 00011e4a+] 0000017b          *              : fputs.obj (.text)
                   00023e10  [ 00011f08 ] 00000164          *   usbstk5505_gpio.obj (.text)
                   00023f74  [ 00011fba ] 0000014b          *   rts55h.lib : mpyd.obj (.text)
                   000240bf  [ 0001205f+] 0000012a          *   usbstk5505_i2c.obj (.text)
                   000241e9  [ 000120f4+] 00000113          *   aic3204.obj (.text)
                   000242fc  [ 0001217e ] 000000f3          *   rts55h.lib : setvbuf.obj (.text)
                   000243ef  [ 000121f7+] 000000da          *              : _io_perm.obj (.text)
                   000244c9  [ 00012264+] 000000d1          *   iir_notch.obj (.text)
                   0002459a  [ 000122cd ] 000000be          *   rts55h.lib : trgmsg.obj (.text:CIO_breakpoint)
                   00024658  [ 0001232c ] 000000ba          *              : fflush.obj (.text)
                   00024712  [ 00012389 ] 000000a2          *              : fputc.obj (.text)
                   000247b4  [ 000123da ] 000000a0          *              : divul.obj (.text)
                   00024854  [ 0001242a ] 00000082          *   main.obj (.text)
                   000248d6  [ 0001246b ] 00000079          *   rts55h.lib : ltoa.obj (.text)
                   0002494f  [ 000124a7+] 00000076          *              : fclose.obj (.text)
                   000249c5  [ 000124e2+] 00000076          *              : frcmpyd.obj (.text)
                   00024a3b  [ 0001251d+] 00000073          *              : frcmpyd_div.obj (.text)
                   00024aae  [ 00012557 ] 00000070          *              : remul.obj (.text)
                   00024b1e  [ 0001258f ] 0000006e          *              : fixdli.obj (.text)
                   00024b8c  [ 000125c6 ] 0000006b          *              : trgmsg.obj (.text)
                   00024bf7  [ 000125fb+] 00000068          *              : fseek.obj (.text)
                   00024c5f  [ 0001262f+] 00000067          *              : fltlid.obj (.text)
                   00024cc6  [ 00012663 ] 00000059          *              : atoi.obj (.text)
                   00024d1f  [ 0001268f+] 00000056          *              : memcpy.obj (.text)
                   00024d75  [ 000126ba+] 00000054          *   usbstk5505.obj (.text)
                   00024dc9  [ 000126e4+] 0000004e          *   rts55h.lib : printf.obj (.text)
                   00024e17  [ 0001270b+] 0000004d          *              : autoinit.obj (.text)
                   00024e64  [ 00012732 ] 0000004b          *              : remli.obj (.text)
                   00024eaf  [ 00012757+] 00000049          *              : args_main.obj (.text)
                   00024ef8  [ 0001277c ] 00000048          *              : divli.obj (.text)
                   00024f40  [ 000127a0 ] 0000003e          *              : exit.obj (.text)
                   00024f7e  [ 000127bf ] 00000034          *              : boot.obj (.text)
                   00024fb2  [ 000127d9 ] 0000002d          *   usbstk5505_led.obj (.text)
                   00024fdf  [ 000127ef+] 0000002a          *   rts55h.lib : fixdi.obj (.text)
                   00025009  [ 00012804+] 0000002a          *              : udiv.obj (.text)
                   00025033  [ 00012819+] 00000022          *              : memccpy.obj (.text)
                   00025055  [ 0001282a+] 0000001c          *   stereo.obj (.text)
                   00025071  [ 00012838+] 0000001a          *   rts55h.lib : isinf.obj (.text)
                   0002508b  [ 00012845+] 00000014          *              : subd.obj (.text)
                   0002509f  [ 0001284f+] 00000013          *              : lmpy.obj (.text)
                   000250b2  [ 00012859 ] 00000012          *              : _lock.obj (.text)
                   000250c4  [ 00012862 ] 00000010          *              : negd.obj (.text)
                   000250d4  [ 0001286a ] 0000000a          *              : remove.obj (.text)
                   000250de  [ 0001286f ] 00000007          *              : exit.obj (.text:CIO_breakpoint)
                   000250e5  [ 00012872+] 00000002          *              : vectors.obj (.text)
                   000250e7  [ 00012873 ] 00000001          *   --HOLE-- [fill = 20]

.cio         0   [ 00040000 ]  00020000          *   00000120   UNINITIALIZED
                 [ 00040000 ]  00020000          *   00000120   rts55h.lib : trgmsg.obj (.cio)

.cinit       0   [ 00040240 ]  00020120          *   000000cd   
                 [ 00040240 ]  00020120          *   00000046   PLL.obj (.cinit)
                 [ 000402cc ]  00020166          *   0000002d   rts55h.lib : lowlev.obj (.cinit)
                 [ 00040326 ]  00020193          *   0000002a              : defs.obj (.cinit)
                 [ 0004037a ]  000201bd          *   0000000a   iir_notch.obj (.cinit)
                 [ 0004038e ]  000201c7          *   0000000a   rts55h.lib : _lock.obj (.cinit)
                 [ 000403a2 ]  000201d1          *   0000000a              : exit.obj (.cinit)
                 [ 000403b6 ]  000201db          *   00000005   main.obj (.cinit)
                 [ 000403c0 ]  000201e0          *   00000004   rts55h.lib : fopen.obj (.cinit)
                 [ 000403c8 ]  000201e4          *   00000004              : memory.obj (.cinit)
                 [ 000403d0 ]  000201e8          *   00000004   usbstk5505_i2c.obj (.cinit)
                 [ 000403d8 ]  000201ec          *   00000001   --HOLE-- [fill = 0]

vectors      0     0004fe00  [ 00027f00 ] 00000100          *   
                   0004fe00  [ 00027f00 ] 00000100          *   rts55h.lib : vectors.obj (vectors)


GLOBAL SYMBOLS: SORTED ALPHABETICALLY BY Name 

abs. value/
byte addr   word addr   name
---------   ---------   ----
00000002                $TI_capability$C5500$CallingConvention
00000008                $TI_capability$C5500$MemoryModel
00000001                $TI_capability_requires_rev3
ffffffff                .bss
ffffffff                .data
ffffffff                .text
000250df                C$$EXIT
00024653                C$$IO$$
0002509f                I$$LMPY
00025009                I$$UDIV
0002501e                I$$UMOD
000241e9                _AIC3204_rget
00024234                _AIC3204_rset
00021a0d                _HOSTclock
000219a2                _HOSTclose
000218ed                _HOSTlseek
0002184c                _HOSTopen
000217c1                _HOSTread
00021708                _HOSTrename
000216aa                _HOSTtime
0002163e                _HOSTunlink
000215b3                _HOSTwrite
000232d1                _PLL_bypass
00023141                _PLL_config
0002326a                _PLL_enable
00023109                _PLL_init
00023320                _PLL_reset
0004fe00                _Reset
00023f1c                _USBSTK5505_GPIO_getInput
00023e10                _USBSTK5505_GPIO_init
00023e14                _USBSTK5505_GPIO_setDirection
00023e9f                _USBSTK5505_GPIO_setOutput
000240de                _USBSTK5505_I2C_close
000240bf                _USBSTK5505_I2C_init
00024170                _USBSTK5505_I2C_read
000240e7                _USBSTK5505_I2C_reset
000240f5                _USBSTK5505_I2C_write
00024fb2                _USBSTK5505_LED_init
00024fce                _USBSTK5505_LED_off
00024fbd                _USBSTK5505_LED_on
00024dbb                _USBSTK5505_init
00024d75                _USBSTK5505_wait
00024da9                _USBSTK5505_waitusec
            00020000    __CIOBUF_
            00001060    __STACK_END
00002000                __STACK_SIZE
00002000                __SYSMEM_SIZE
00001000                __SYSSTACK_SIZE
00000001                __TI_args_main
ffffffff                ___binit__
ffffffff                ___bss__
ffffffff                ___c_args__
            00020120    ___cinit__
ffffffff                ___data__
ffffffff                ___edata__
ffffffff                ___end__
ffffffff                ___etext__
00025071                ___isinf
ffffffff                ___pinit__
ffffffff                ___text__
00023854                __addd
00024eaf                __args_main
000234a1                __cleanup
            00003040    __cleanup_ptr
00023c3d                __cmpd
            00002c0a    __ctypes_
000229d8                __divd
00024ef8                __divli
00023820                __divlli
00025009                __divu
000247b4                __divul
0002372c                __divull
00024658                __doflush
            00003042    __dtors_ptr
00023c09                __eqld
00024fdf                __fixdi
00024b1e                __fixdli
00024c5f                __fltlid
000249c5                __frcmpyd
00024a3b                __frcmpyd_div
            00002eae    __ft_end
            00002d96    __ftable
00023bbf                __geqd
00023b74                __gtrd
00023b27                __leqd
            0000303c    __lock
00023adf                __lssd
00023f74                __mpyd
0002509f                __mpyli
00023675                __mpylli
000250c4                __negd
00023aab                __neqd
000250c2                __nop
00021315                __printfi
0002446c                __rd_ok
000250ba                __register_lock
000250b2                __register_unlock
00024e64                __remli
00023646                __remlli
0002501e                __remu
00024aae                __remul
000235f8                __remull
            00000060    __stack
0002508b                __subd
            00001860    __sys_memory
            00001060    __sysstack
            00002e0e    __tmpnams
            0000303e    __unlock
000243ef                __wrt_ok
000250de                _abort
000228f0                _add_device
0002427a                _aic3204_codec_read
000242c0                _aic3204_codec_write
00024268                _aic3204_disable
00024256                _aic3204_hardware_init
00021f9e                _aic3204_init
00024cc6                _atoi
00024e17                _auto_init
00024f7e                _c_int00
00021f52                _calloc
00021f4a                _chkheap
00022880                _close
            00003044    _counter1
            00003045    _counter2
00024f40                _exit
0002494f                _fclose
000246ba                _fflush
000244c9                _filter_iir_notch
00022877                _find_registered_device
000235bf                _fopen
00024712                _fputc
00023c95                _fputs
00021a6b                _free
00021ee3                _free_memory
000234f9                _freopen
00024bf7                _fseek
00021533                _getenv
            00002ffc    _hPll
            0000302e    _i
            00002d8c    _iir_a
            00002d8f    _iir_b
            00003028    _left_input
            0000302a    _left_output
00022813                _lseek
000248d6                _ltoa
00024854                _main
00021baf                _malloc
00021e79                _max_free
00025033                _memccpy
00024d1f                _memcpy
00021b3d                _minit
            0000302c    _mono_input
00022756                _open
            00003026    _pConfigInfo
            00002ff8    _pllCfg1
            0000301e    _pllCfg_100MHz
            00003022    _pllCfg_120MHz
            00003006    _pllCfg_12MHz
            0000300a    _pllCfg_12p288MHz
            00002ffe    _pllCfg_1MHz
            00003002    _pllCfg_2MHz
            0000300e    _pllCfg_40MHz
            00003012    _pllCfg_60MHz
            00003016    _pllCfg_75MHz
            0000301a    _pllCfg_98MHz
            00002ff2    _pllObj
00022e1a                _pll_frequency_setup
00024dc9                _printf
00024712                _putc
000247a5                _putchar
00023de4                _puts
000226ac                _read
00024b8c                _readmsg
00021cb0                _realloc
000250d4                _remove
00022678                _remove_device
00022621                _rename
            00003029    _right_input
            0000302b    _right_output
00022170                _set_sampling_frequency_and_gain
000242fc                _setvbuf
00025055                _stereo_to_mono
000225ed                _unlink
000224c0                _write
0002459a                _writemsg
ffffffff                binit
            00020120    cinit
ffffffff                edata
ffffffff                end
ffffffff                etext
ffffffff                pinit


GLOBAL SYMBOLS: SORTED BY Symbol Address 

abs. value/
byte addr   word addr   name
---------   ---------   ----
00000001                $TI_capability_requires_rev3
00000001                __TI_args_main
00000002                $TI_capability$C5500$CallingConvention
00000008                $TI_capability$C5500$MemoryModel
            00000060    __stack
00001000                __SYSSTACK_SIZE
00002000                __STACK_SIZE
00002000                __SYSMEM_SIZE
            00001060    __STACK_END
            00001060    __sysstack
            00001860    __sys_memory
            00002c0a    __ctypes_
            00002d8c    _iir_a
            00002d8f    _iir_b
            00002d96    __ftable
            00002e0e    __tmpnams
            00002eae    __ft_end
            00002ff2    _pllObj
            00002ff8    _pllCfg1
            00002ffc    _hPll
            00002ffe    _pllCfg_1MHz
            00003002    _pllCfg_2MHz
            00003006    _pllCfg_12MHz
            0000300a    _pllCfg_12p288MHz
            0000300e    _pllCfg_40MHz
            00003012    _pllCfg_60MHz
            00003016    _pllCfg_75MHz
            0000301a    _pllCfg_98MHz
            0000301e    _pllCfg_100MHz
            00003022    _pllCfg_120MHz
            00003026    _pConfigInfo
            00003028    _left_input
            00003029    _right_input
            0000302a    _left_output
            0000302b    _right_output
            0000302c    _mono_input
            0000302e    _i
            0000303c    __lock
            0000303e    __unlock
            00003040    __cleanup_ptr
            00003042    __dtors_ptr
            00003044    _counter1
            00003045    _counter2
00021315                __printfi
00021533                _getenv
000215b3                _HOSTwrite
0002163e                _HOSTunlink
000216aa                _HOSTtime
00021708                _HOSTrename
000217c1                _HOSTread
0002184c                _HOSTopen
000218ed                _HOSTlseek
000219a2                _HOSTclose
00021a0d                _HOSTclock
00021a6b                _free
00021b3d                _minit
00021baf                _malloc
00021cb0                _realloc
00021e79                _max_free
00021ee3                _free_memory
00021f4a                _chkheap
00021f52                _calloc
00021f9e                _aic3204_init
00022170                _set_sampling_frequency_and_gain
000224c0                _write
000225ed                _unlink
00022621                _rename
00022678                _remove_device
000226ac                _read
00022756                _open
00022813                _lseek
00022877                _find_registered_device
00022880                _close
000228f0                _add_device
000229d8                __divd
00022e1a                _pll_frequency_setup
00023109                _PLL_init
00023141                _PLL_config
0002326a                _PLL_enable
000232d1                _PLL_bypass
00023320                _PLL_reset
000234a1                __cleanup
000234f9                _freopen
000235bf                _fopen
000235f8                __remull
00023646                __remlli
00023675                __mpylli
0002372c                __divull
00023820                __divlli
00023854                __addd
00023aab                __neqd
00023adf                __lssd
00023b27                __leqd
00023b74                __gtrd
00023bbf                __geqd
00023c09                __eqld
00023c3d                __cmpd
00023c95                _fputs
00023de4                _puts
00023e10                _USBSTK5505_GPIO_init
00023e14                _USBSTK5505_GPIO_setDirection
00023e9f                _USBSTK5505_GPIO_setOutput
00023f1c                _USBSTK5505_GPIO_getInput
00023f74                __mpyd
000240bf                _USBSTK5505_I2C_init
000240de                _USBSTK5505_I2C_close
000240e7                _USBSTK5505_I2C_reset
000240f5                _USBSTK5505_I2C_write
00024170                _USBSTK5505_I2C_read
000241e9                _AIC3204_rget
00024234                _AIC3204_rset
00024256                _aic3204_hardware_init
00024268                _aic3204_disable
0002427a                _aic3204_codec_read
000242c0                _aic3204_codec_write
000242fc                _setvbuf
000243ef                __wrt_ok
0002446c                __rd_ok
000244c9                _filter_iir_notch
0002459a                _writemsg
00024653                C$$IO$$
00024658                __doflush
000246ba                _fflush
00024712                _fputc
00024712                _putc
000247a5                _putchar
000247b4                __divul
00024854                _main
000248d6                _ltoa
0002494f                _fclose
000249c5                __frcmpyd
00024a3b                __frcmpyd_div
00024aae                __remul
00024b1e                __fixdli
00024b8c                _readmsg
00024bf7                _fseek
00024c5f                __fltlid
00024cc6                _atoi
00024d1f                _memcpy
00024d75                _USBSTK5505_wait
00024da9                _USBSTK5505_waitusec
00024dbb                _USBSTK5505_init
00024dc9                _printf
00024e17                _auto_init
00024e64                __remli
00024eaf                __args_main
00024ef8                __divli
00024f40                _exit
00024f7e                _c_int00
00024fb2                _USBSTK5505_LED_init
00024fbd                _USBSTK5505_LED_on
00024fce                _USBSTK5505_LED_off
00024fdf                __fixdi
00025009                I$$UDIV
00025009                __divu
0002501e                I$$UMOD
0002501e                __remu
00025033                _memccpy
00025055                _stereo_to_mono
00025071                ___isinf
0002508b                __subd
0002509f                I$$LMPY
0002509f                __mpyli
000250b2                __register_unlock
000250ba                __register_lock
000250c2                __nop
000250c4                __negd
000250d4                _remove
000250de                _abort
000250df                C$$EXIT
            00020000    __CIOBUF_
            00020120    ___cinit__
            00020120    cinit
0004fe00                _Reset
ffffffff                .bss
ffffffff                .data
ffffffff                .text
ffffffff                ___binit__
ffffffff                ___bss__
ffffffff                ___c_args__
ffffffff                ___data__
ffffffff                ___edata__
ffffffff                ___end__
ffffffff                ___etext__
ffffffff                ___pinit__
ffffffff                ___text__
ffffffff                binit
ffffffff                edata
ffffffff                end
ffffffff                etext
ffffffff                pinit

[191 symbols]
